Archive member included to satisfy reference by file (symbol)

C:/Program Files/SEGGER/SEGGER Embedded Studio for ARM 5.42a/lib/libc_v7em_fpv4_sp_d16_hard_t_le_eabi.a(libc_asm.o)
                              Output/Release/Obj/ble_app_beacon_pca10100_s140/bsp.o (__aeabi_uldivmod)
C:/Program Files/SEGGER/SEGGER Embedded Studio for ARM 5.42a/lib/libc_v7em_fpv4_sp_d16_hard_t_le_eabi.a(libc2.o)
                              Output/Release/Obj/ble_app_beacon_pca10100_s140/ble_advdata.o (memcmp)
C:/Program Files/SEGGER/SEGGER Embedded Studio for ARM 5.42a/lib/libc_v7em_fpv4_sp_d16_hard_t_le_eabi.a(libc2_asm.o)
                              Output/Release/Obj/ble_app_beacon_pca10100_s140/app_scheduler.o (memcpy)
C:/Program Files/SEGGER/SEGGER Embedded Studio for ARM 5.42a/lib/libc_v7em_fpv4_sp_d16_hard_t_le_eabi.a(libvfprintf.o)
                              (__vfprintf_long)
C:/Program Files/SEGGER/SEGGER Embedded Studio for ARM 5.42a/lib/libc_v7em_fpv4_sp_d16_hard_t_le_eabi.a(libvfscanf.o)
                              (__vfscanf_long)
C:/Program Files/SEGGER/SEGGER Embedded Studio for ARM 5.42a/lib/libc_v7em_fpv4_sp_d16_hard_t_le_eabi.a(libc.o)
                              C:/Program Files/SEGGER/SEGGER Embedded Studio for ARM 5.42a/lib/libc_v7em_fpv4_sp_d16_hard_t_le_eabi.a(libc2.o) (__heap_lock)
C:/Program Files/SEGGER/SEGGER Embedded Studio for ARM 5.42a/lib/libdebugio_v7em_fpv4_sp_d16_hard_t_le_eabi.a(libdebugio.o)
                              Output/Release/Obj/ble_app_beacon_pca10100_s140/thumb_crt0.o (debug_fopen)
C:/Program Files/SEGGER/SEGGER Embedded Studio for ARM 5.42a/lib/libdebugio_v7em_fpv4_sp_d16_hard_t_le_eabi.a(do_nv_debug_operation.o)
                              C:/Program Files/SEGGER/SEGGER Embedded Studio for ARM 5.42a/lib/libdebugio_v7em_fpv4_sp_d16_hard_t_le_eabi.a(libdebugio.o) (__do_nvdebug_operation)
C:/Program Files/SEGGER/SEGGER Embedded Studio for ARM 5.42a/lib/libdebugio_v7em_fpv4_sp_d16_hard_t_le_eabi.a(mempoll_debug_operations.o)
                              (__do_debug_operation_mempoll)
C:/Program Files/SEGGER/SEGGER Embedded Studio for ARM 5.42a/lib/libm_v7em_fpv4_sp_d16_hard_t_le_eabi.a(libm_asm.o)
                              C:/Program Files/SEGGER/SEGGER Embedded Studio for ARM 5.42a/lib/libc_v7em_fpv4_sp_d16_hard_t_le_eabi.a(libc2.o) (__aeabi_dadd)
C:/Program Files/SEGGER/SEGGER Embedded Studio for ARM 5.42a/lib/libm_v7em_fpv4_sp_d16_hard_t_le_eabi.a(libm2.o)
                              C:/Program Files/SEGGER/SEGGER Embedded Studio for ARM 5.42a/lib/libc_v7em_fpv4_sp_d16_hard_t_le_eabi.a(libvfprintf.o) (frexp)

Discarded input sections

 .text          0x0000000000000000        0x0 Output/Release/Obj/ble_app_beacon_pca10100_s140/thumb_crt0.o
 .data          0x0000000000000000        0x0 Output/Release/Obj/ble_app_beacon_pca10100_s140/thumb_crt0.o
 .bss           0x0000000000000000        0x0 Output/Release/Obj/ble_app_beacon_pca10100_s140/thumb_crt0.o
 .text.__aeabi_read_tp
                0x0000000000000000        0x8 Output/Release/Obj/ble_app_beacon_pca10100_s140/thumb_crt0.o
 .text.abort    0x0000000000000000        0x2 Output/Release/Obj/ble_app_beacon_pca10100_s140/thumb_crt0.o
 .text.__assert
                0x0000000000000000        0x2 Output/Release/Obj/ble_app_beacon_pca10100_s140/thumb_crt0.o
 .text.__assert_func
                0x0000000000000000        0x2 Output/Release/Obj/ble_app_beacon_pca10100_s140/thumb_crt0.o
 .text.__aeabi_assert
                0x0000000000000000        0x2 Output/Release/Obj/ble_app_beacon_pca10100_s140/thumb_crt0.o
 .text.__sync_synchronize
                0x0000000000000000        0x2 Output/Release/Obj/ble_app_beacon_pca10100_s140/thumb_crt0.o
 .text.__getchar
                0x0000000000000000        0x4 Output/Release/Obj/ble_app_beacon_pca10100_s140/thumb_crt0.o
 .text.__putchar
                0x0000000000000000        0x4 Output/Release/Obj/ble_app_beacon_pca10100_s140/thumb_crt0.o
 .text.__open   0x0000000000000000        0x4 Output/Release/Obj/ble_app_beacon_pca10100_s140/thumb_crt0.o
 .text.__close  0x0000000000000000        0x4 Output/Release/Obj/ble_app_beacon_pca10100_s140/thumb_crt0.o
 .text.__write  0x0000000000000000        0xa Output/Release/Obj/ble_app_beacon_pca10100_s140/thumb_crt0.o
 .text.__read   0x0000000000000000        0xa Output/Release/Obj/ble_app_beacon_pca10100_s140/thumb_crt0.o
 .text.__seek   0x0000000000000000       0x1a Output/Release/Obj/ble_app_beacon_pca10100_s140/thumb_crt0.o
 .text.remove   0x0000000000000000        0x4 Output/Release/Obj/ble_app_beacon_pca10100_s140/thumb_crt0.o
 .text.rename   0x0000000000000000        0x4 Output/Release/Obj/ble_app_beacon_pca10100_s140/thumb_crt0.o
 .bss.__user_locale_name_buffer
                0x0000000000000000        0x4 Output/Release/Obj/ble_app_beacon_pca10100_s140/thumb_crt0.o
 .stack         0x0000000000000000        0x0 Output/Release/Obj/ble_app_beacon_pca10100_s140/thumb_crt0.o
 .stack_process
[...]
Memory Configuration

Name             Origin             Length             Attributes
UNPLACED_SECTIONS 0x0000000100000000 0x0000000000000000 xw
RAM1             0x0000000020000000 0x0000000000020000 xw
FLASH1           0x0000000000000000 0x0000000000080000 xw
*default*        0x0000000000000000 0xffffffffffffffff

Linker script and memory map

                0x0000000000000000                __do_debug_operation = __do_debug_operation_mempoll
                0x0000000000000000                __vfprintf = __vfprintf_long
                0x0000000000000000                __vfscanf = __vfscanf_long
                0x0000000020000000                __RAM1_segment_start__ = 0x20000000
                0x0000000020020000                __RAM1_segment_end__ = 0x20020000
                0x0000000000020000                __RAM1_segment_size__ = 0x20000
                0x0000000000000000                __FLASH1_segment_start__ = 0x0
                0x0000000000080000                __FLASH1_segment_end__ = 0x80000
                0x0000000000080000                __FLASH1_segment_size__ = 0x80000
                0x0000000000000800                __HEAPSIZE__ = 0x800
                0x0000000000000000                __STACKSIZE_PROCESS__ = 0x0
                0x0000000000000800                __STACKSIZE__ = 0x800
                0x0000000020000000                __reserved_ram_load_start__ = 0x20000000

.reserved_ram   0x0000000020000000     0x2ae8
                0x0000000020000000                __reserved_ram_start__ = .
 *(.reserved_ram .reserved_ram.*)
                0x0000000020002ae8                . = MAX (((__reserved_ram_start__ + 0x20002ae8) - 0x20000000), .)
 *fill*         0x0000000020000000     0x2ae8 
                0x0000000020002ae8                __reserved_ram_end__ = (__reserved_ram_start__ + SIZEOF (.reserved_ram))
                0x0000000000002ae8                __reserved_ram_size__ = SIZEOF (.reserved_ram)
                0x0000000020002ae8                __reserved_ram_load_end__ = __reserved_ram_end__
                0x0000000000000001                . = ASSERT (((__reserved_ram_start__ == __reserved_ram_end__) || ((__reserved_ram_end__ - __RAM1_segment_start__) <= __RAM1_segment_size__)), error: .reserved_ram is too large to fit in RAM1 memory segment)
                0x0000000020002ae8                __vectors_ram_load_start__ = 0x20002ae8

.vectors_ram    0x0000000020002ae8        0x0
                0x0000000020002ae8                __vectors_ram_start__ = .
                0x0000000020002ae8                __app_ram_start__ = __vectors_ram_start__
 *(.vectors_ram .vectors_ram.*)
                0x0000000020002ae8                __vectors_ram_end__ = (__vectors_ram_start__ + SIZEOF (.vectors_ram))
                0x0000000000000000                __vectors_ram_size__ = SIZEOF (.vectors_ram)
                0x0000000020002ae8                __vectors_ram_load_end__ = __vectors_ram_end__
                0x0000000000000001                . = ASSERT (((__vectors_ram_start__ == __vectors_ram_end__) || ((__vectors_ram_end__ - __RAM1_segment_start__) <= __RAM1_segment_size__)), error: .vectors_ram is too large to fit in RAM1 memory segment)
                0x0000000000000001                . = ASSERT ((__reserved_ram_end__ <= __vectors_ram_start__), error: section .reserved_ram overlaps absolute placed section .vectors_ram)
                0x0000000020002ae8                __nrf_sections_run_load_start__ = ALIGN (__vectors_ram_end__, 0x4)

.nrf_sections_run
                0x0000000020002ae8        0x0
                0x0000000020002ae8                __nrf_sections_run_start__ = .
                0x0000000020002ae8                __start_nrf_sections_run = __nrf_sections_run_start__
 *(.nrf_sections_run .nrf_sections_run.*)
                0x0000000020002ae8                __nrf_sections_run_end__ = (__nrf_sections_run_start__ + SIZEOF (.nrf_sections_run))
                0x0000000000000000                __nrf_sections_run_size__ = SIZEOF (.nrf_sections_run)
                0x0000000020002ae8                __nrf_sections_run_load_end__ = __nrf_sections_run_end__
                0x0000000000000001                . = ASSERT (((__nrf_sections_run_start__ == __nrf_sections_run_end__) || ((__nrf_sections_run_end__ - __RAM1_segment_start__) <= __RAM1_segment_size__)), error: .nrf_sections_run is too large to fit in RAM1 memory segment)
                0x0000000000000000                __reserved_flash_load_start__ = 0x0

.reserved_flash
                0x0000000000000000    0x27000
                0x0000000000000000                __reserved_flash_start__ = .
 *(.reserved_flash .reserved_flash.*)
                0x0000000000027000                . = MAX (((__reserved_flash_start__ + 0x27000) - 0x0), .)
 *fill*         0x0000000000000000    0x27000 
                0x0000000000027000                __reserved_flash_end__ = (__reserved_flash_start__ + SIZEOF (.reserved_flash))
                0x0000000000027000                __reserved_flash_size__ = SIZEOF (.reserved_flash)
                0x0000000000027000                __reserved_flash_load_end__ = __reserved_flash_end__
                0x0000000000000001                . = ASSERT (((__reserved_flash_start__ == __reserved_flash_end__) || ((__reserved_flash_end__ - __FLASH1_segment_start__) <= __FLASH1_segment_size__)), error: .reserved_flash is too large to fit in FLASH1 memory segment)
                0x0000000000027000                __vectors_load_start__ = 0x27000

.vectors        0x0000000000027000      0x200
                0x0000000000027000                __vectors_start__ = .
 *(.vectors .vectors.*)
 .vectors       0x0000000000027000      0x200 Output/Release/Obj/ble_app_beacon_pca10100_s140/ses_startup_nrf52833.o
                0x0000000000027000                _vectors
                0x0000000000027200                __vectors_end__ = (__vectors_start__ + SIZEOF (.vectors))
                0x0000000000000200                __vectors_size__ = SIZEOF (.vectors)
                0x0000000000027200                __vectors_load_end__ = __vectors_end__
                0x0000000000000001                . = ASSERT (((__vectors_start__ == __vectors_end__) || ((__vectors_end__ - __FLASH1_segment_start__) <= __FLASH1_segment_size__)), error: .vectors is too large to fit in FLASH1 memory segment)
                0x0000000000000001                . = ASSERT ((__reserved_flash_end__ <= __vectors_start__), error: section .reserved_flash overlaps absolute placed section .vectors)
                0x0000000000027200                __init_load_start__ = ALIGN (__vectors_end__, 0x4)

.init           0x0000000000027200      0x1d0
                0x0000000000027200                __init_start__ = .
 *(.init .init.*)
 .init          0x0000000000027200      0x15c Output/Release/Obj/ble_app_beacon_pca10100_s140/thumb_crt0.o
                0x0000000000027200                _start
                0x00000000000272b4                exit
 .init          0x000000000002735c       0x18 Output/Release/Obj/ble_app_beacon_pca10100_s140/ses_startup_nrf52833.o
                0x000000000002735c                NMI_Handler
                0x000000000002735e                HardFault_Handler
                0x0000000000027360                MemoryManagement_Handler
                0x0000000000027362                BusFault_Handler
                0x0000000000027364                UsageFault_Handler
                0x0000000000027366                SVC_Handler
                0x0000000000027368                DebugMon_Handler
                0x000000000002736a                PendSV_Handler
                0x000000000002736c                SysTick_Handler
                0x000000000002736e                SWI0_EGU0_IRQHandler
                0x000000000002736e                RADIO_IRQHandler
                0x000000000002736e                PDM_IRQHandler
                0x000000000002736e                TEMP_IRQHandler
                0x000000000002736e                PWM1_IRQHandler
                0x000000000002736e                TIMER3_IRQHandler
                0x000000000002736e                PWM3_IRQHandler
                0x000000000002736e                FPU_IRQHandler
                0x000000000002736e                RTC0_IRQHandler
                0x000000000002736e                SPIM0_SPIS0_TWIM0_TWIS0_SPI0_TWI0_IRQHandler
                0x000000000002736e                QDEC_IRQHandler
                0x000000000002736e                TIMER4_IRQHandler
                0x000000000002736e                I2S_IRQHandler
                0x000000000002736e                SWI4_EGU4_IRQHandler
                0x000000000002736e                TIMER0_IRQHandler
                0x000000000002736e                UARTE1_IRQHandler
                0x000000000002736e                Dummy_Handler
                0x000000000002736e                TIMER1_IRQHandler
                0x000000000002736e                SPIM3_IRQHandler
                0x000000000002736e                PWM2_IRQHandler
                0x000000000002736e                ECB_IRQHandler
                0x000000000002736e                SPIM1_SPIS1_TWIM1_TWIS1_SPI1_TWI1_IRQHandler
                0x000000000002736e                SAADC_IRQHandler
                0x000000000002736e                CCM_AAR_IRQHandler
                0x000000000002736e                WDT_IRQHandler
                0x000000000002736e                USBD_IRQHandler
                0x000000000002736e                SWI5_EGU5_IRQHandler
                0x000000000002736e                RNG_IRQHandler
                0x000000000002736e                RTC2_IRQHandler
                0x000000000002736e                PWM0_IRQHandler
                0x000000000002736e                SWI3_EGU3_IRQHandler
                0x000000000002736e                SWI1_EGU1_IRQHandler
                0x000000000002736e                SPIM2_SPIS2_SPI2_IRQHandler
                0x000000000002736e                NFCT_IRQHandler
                0x000000000002736e                TIMER2_IRQHandler
                0x000000000002736e                MWU_IRQHandler
                0x000000000002736e                COMP_LPCOMP_IRQHandler
                0x0000000000027370                nRFInitialize
 .init          0x0000000000027374       0x5c Output/Release/Obj/ble_app_beacon_pca10100_s140/ses_startup_nrf_common.o
                0x0000000000027374                Reset_Handler
                0x0000000000027378                afterInitialize
                0x000000000002739c                InitializeUserMemorySections
                0x00000000000273d0                __init_end__ = (__init_start__ + SIZEOF (.init))
                0x00000000000001d0                __init_size__ = SIZEOF (.init)
                0x00000000000273d0                __init_load_end__ = __init_end__
                0x0000000000000001                . = ASSERT (((__init_start__ == __init_end__) || ((__init_end__ - __FLASH1_segment_start__) <= __FLASH1_segment_size__)), error: .init is too large to fit in FLASH1 memory segment)
                0x00000000000273d0                __init_rodata_load_start__ = ALIGN (__init_end__, 0x4)

.init_rodata    0x00000000000273d0        0x0
                0x00000000000273d0                __init_rodata_start__ = .
 *(.init_rodata .init_rodata.*)
                0x00000000000273d0                __init_rodata_end__ = (__init_rodata_start__ + SIZEOF (.init_rodata))
                0x0000000000000000                __init_rodata_size__ = SIZEOF (.init_rodata)
                0x00000000000273d0                __init_rodata_load_end__ = __init_rodata_end__
                0x0000000000000001                . = ASSERT (((__init_rodata_start__ == __init_rodata_end__) || ((__init_rodata_end__ - __FLASH1_segment_start__) <= __FLASH1_segment_size__)), error: .init_rodata is too large to fit in FLASH1 memory segment)
                0x00000000000273d0                __text_load_start__ = ALIGN (__init_rodata_end__, 0x4)

.text           0x00000000000273d0     0x28a4
                0x00000000000273d0                __text_start__ = .
 *(.text .text.* .glue_7t .glue_7 .gnu.linkonce.t.* .gcc_except_table .ARM.extab* .gnu.linkonce.armextab.*)
 .glue_7        0x00000000000273d0        0x0 linker stubs
 .glue_7t       0x00000000000273d0        0x0 linker stubs
 .text.state_set
                0x00000000000273d0       0x24 Output/Release/Obj/ble_app_beacon_pca10100_s140/app_button.o
 .text.button_get
                0x00000000000273f4       0x30 Output/Release/Obj/ble_app_beacon_pca10100_s140/app_button.o
 .text.usr_event
                0x0000000000027424       0x20 Output/Release/Obj/ble_app_beacon_pca10100_s140/app_button.o
 .text.timer_start
                0x0000000000027444       0x18 Output/Release/Obj/ble_app_beacon_pca10100_s140/app_button.o
 .text.gpiote_event_handler
                0x000000000002745c       0x34 Output/Release/Obj/ble_app_beacon_pca10100_s140/app_button.o
 .text.evt_handle
                0x0000000000027490       0xec Output/Release/Obj/ble_app_beacon_pca10100_s140/app_button.o
                0x0000000000027490                evt_handle
 .text.detection_delay_timeout_handler
                0x000000000002757c       0x5c Output/Release/Obj/ble_app_beacon_pca10100_s140/app_button.o
 .text.app_button_init
                0x00000000000275d8       0xb0 Output/Release/Obj/ble_app_beacon_pca10100_s140/app_button.o
                0x00000000000275d8                app_button_init
 .text.app_button_enable
                0x0000000000027688       0x2c Output/Release/Obj/ble_app_beacon_pca10100_s140/app_button.o
                0x0000000000027688                app_button_enable
 .text.app_error_handler_bare
                0x00000000000276b4       0x1a Output/Release/Obj/ble_app_beacon_pca10100_s140/app_error.o
                0x00000000000276b4                app_error_handler_bare
 *fill*         0x00000000000276ce        0x2 
 .text.app_error_fault_handler
                0x00000000000276d0       0x30 Output/Release/Obj/ble_app_beacon_pca10100_s140/app_error_weak.o
                0x00000000000276d0                app_error_fault_handler
 .text.compare_func
                0x0000000000027700       0x18 Output/Release/Obj/ble_app_beacon_pca10100_s140/app_timer2.o
 .text.get_now  0x0000000000027718       0x38 Output/Release/Obj/ble_app_beacon_pca10100_s140/app_timer2.o
 .text.timer_req_schedule
                0x0000000000027750       0x38 Output/Release/Obj/ble_app_beacon_pca10100_s140/app_timer2.o
 .text.timer_expire
                0x0000000000027788       0xb0 Output/Release/Obj/ble_app_beacon_pca10100_s140/app_timer2.o
 .text.app_timer_init
                0x0000000000027838       0x64 Output/Release/Obj/ble_app_beacon_pca10100_s140/app_timer2.o
                0x0000000000027838                app_timer_init
 .text.app_timer_create
                0x000000000002789c       0x24 Output/Release/Obj/ble_app_beacon_pca10100_s140/app_timer2.o
                0x000000000002789c                app_timer_create
 .text.app_timer_start
                0x00000000000278c0       0x5c Output/Release/Obj/ble_app_beacon_pca10100_s140/app_timer2.o
                0x00000000000278c0                app_timer_start
 .text.app_timer_stop
                0x000000000002791c       0x4e Output/Release/Obj/ble_app_beacon_pca10100_s140/app_timer2.o
                0x000000000002791c                app_timer_stop
 *fill*         0x000000000002796a        0x2 
 .text.app_timer_cnt_get
                0x000000000002796c        0xc Output/Release/Obj/ble_app_beacon_pca10100_s140/app_timer2.o
                0x000000000002796c                app_timer_cnt_get
 .text.rtc_irq  0x0000000000027978      0x1b8 Output/Release/Obj/ble_app_beacon_pca10100_s140/app_timer2.o
 .text.app_util_critical_region_enter
                0x0000000000027b30       0x48 Output/Release/Obj/ble_app_beacon_pca10100_s140/app_util_platform.o
                0x0000000000027b30                app_util_critical_region_enter
 .text.app_util_critical_region_exit
                0x0000000000027b78       0x2c Output/Release/Obj/ble_app_beacon_pca10100_s140/app_util_platform.o
                0x0000000000027b78                app_util_critical_region_exit
 .text.evt_pending.isra.0
                0x0000000000027ba4       0x1a Output/Release/Obj/ble_app_beacon_pca10100_s140/drv_rtc.o
 *fill*         0x0000000000027bbe        0x2 
 .text.drv_rtc_init
                0x0000000000027bc0       0x74 Output/Release/Obj/ble_app_beacon_pca10100_s140/drv_rtc.o
                0x0000000000027bc0                drv_rtc_init
 .text.drv_rtc_start
                0x0000000000027c34        0x8 Output/Release/Obj/ble_app_beacon_pca10100_s140/drv_rtc.o
                0x0000000000027c34                drv_rtc_start
 .text.drv_rtc_stop
                0x0000000000027c3c        0x8 Output/Release/Obj/ble_app_beacon_pca10100_s140/drv_rtc.o
                0x0000000000027c3c                drv_rtc_stop
 .text.drv_rtc_compare_set
                0x0000000000027c44       0x3e Output/Release/Obj/ble_app_beacon_pca10100_s140/drv_rtc.o
                0x0000000000027c44                drv_rtc_compare_set
 *fill*         0x0000000000027c82        0x2 
 .text.drv_rtc_windowed_compare_set
                0x0000000000027c84       0xf0 Output/Release/Obj/ble_app_beacon_pca10100_s140/drv_rtc.o
                0x0000000000027c84                drv_rtc_windowed_compare_set
 .text.drv_rtc_overflow_enable
                0x0000000000027d74       0x10 Output/Release/Obj/ble_app_beacon_pca10100_s140/drv_rtc.o
                0x0000000000027d74                drv_rtc_overflow_enable
 .text.drv_rtc_overflow_pending
                0x0000000000027d84        0xa Output/Release/Obj/ble_app_beacon_pca10100_s140/drv_rtc.o
                0x0000000000027d84                drv_rtc_overflow_pending
 .text.drv_rtc_compare_disable
                0x0000000000027d8e       0x14 Output/Release/Obj/ble_app_beacon_pca10100_s140/drv_rtc.o
                0x0000000000027d8e                drv_rtc_compare_disable
 .text.drv_rtc_compare_pending
                0x0000000000027da2        0xc Output/Release/Obj/ble_app_beacon_pca10100_s140/drv_rtc.o
                0x0000000000027da2                drv_rtc_compare_pending
 .text.drv_rtc_counter_get
                0x0000000000027dae        0x8 Output/Release/Obj/ble_app_beacon_pca10100_s140/drv_rtc.o
                0x0000000000027dae                drv_rtc_counter_get
 *fill*         0x0000000000027db6        0x2 
 .text.drv_rtc_irq_trigger
                0x0000000000027db8       0x24 Output/Release/Obj/ble_app_beacon_pca10100_s140/drv_rtc.o
                0x0000000000027db8                drv_rtc_irq_trigger
 .text.RTC1_IRQHandler
                0x0000000000027ddc       0x14 Output/Release/Obj/ble_app_beacon_pca10100_s140/drv_rtc.o
                0x0000000000027ddc                RTC1_IRQHandler
 .text.nrf_atfifo_init
                0x0000000000027df0       0x26 Output/Release/Obj/ble_app_beacon_pca10100_s140/nrf_atfifo.o
                0x0000000000027df0                nrf_atfifo_init
 .text.nrf_atfifo_item_alloc
                0x0000000000027e16       0x54 Output/Release/Obj/ble_app_beacon_pca10100_s140/nrf_atfifo.o
                0x0000000000027e16                nrf_atfifo_item_alloc
 .text.nrf_atfifo_item_put
                0x0000000000027e6a       0x20 Output/Release/Obj/ble_app_beacon_pca10100_s140/nrf_atfifo.o
                0x0000000000027e6a                nrf_atfifo_item_put
 .text.nrf_atfifo_item_get
                0x0000000000027e8a       0x56 Output/Release/Obj/ble_app_beacon_pca10100_s140/nrf_atfifo.o
                0x0000000000027e8a                nrf_atfifo_item_get
 .text.nrf_atfifo_item_free
                0x0000000000027ee0       0x20 Output/Release/Obj/ble_app_beacon_pca10100_s140/nrf_atfifo.o
                0x0000000000027ee0                nrf_atfifo_item_free
 .text.nrf_atflags_set
                0x0000000000027f00       0x12 Output/Release/Obj/ble_app_beacon_pca10100_s140/nrf_atflags.o
                0x0000000000027f00                nrf_atflags_set
 .text.nrf_atflags_clear
                0x0000000000027f12       0x14 Output/Release/Obj/ble_app_beacon_pca10100_s140/nrf_atflags.o
                0x0000000000027f12                nrf_atflags_clear
 .text.nrf_atflags_get
                0x0000000000027f26       0x12 Output/Release/Obj/ble_app_beacon_pca10100_s140/nrf_atflags.o
                0x0000000000027f26                nrf_atflags_get
 .text.nrf_atomic_u32_or
                0x0000000000027f38       0x18 Output/Release/Obj/ble_app_beacon_pca10100_s140/nrf_atomic.o
                0x0000000000027f38                nrf_atomic_u32_or
 .text.nrf_atomic_u32_and
                0x0000000000027f50       0x18 Output/Release/Obj/ble_app_beacon_pca10100_s140/nrf_atomic.o
                0x0000000000027f50                nrf_atomic_u32_and
 .text.nrf_pwr_mgmt_init
                0x0000000000027f68       0x2c Output/Release/Obj/ble_app_beacon_pca10100_s140/nrf_pwr_mgmt.o
                0x0000000000027f68                nrf_pwr_mgmt_init
 .text.nrf_section_iter_init
                0x0000000000027f94       0x14 Output/Release/Obj/ble_app_beacon_pca10100_s140/nrf_section_iter.o
                0x0000000000027f94                nrf_section_iter_init
 .text.nrf_section_iter_next
                0x0000000000027fa8       0x18 Output/Release/Obj/ble_app_beacon_pca10100_s140/nrf_section_iter.o
                0x0000000000027fa8                nrf_section_iter_next
 .text.nrf_sortlist_add
                0x0000000000027fc0       0x20 Output/Release/Obj/ble_app_beacon_pca10100_s140/nrf_sortlist.o
                0x0000000000027fc0                nrf_sortlist_add
 .text.nrf_sortlist_pop
                0x0000000000027fe0        0xc Output/Release/Obj/ble_app_beacon_pca10100_s140/nrf_sortlist.o
                0x0000000000027fe0                nrf_sortlist_pop
 .text.nrf_sortlist_peek
                0x0000000000027fec        0x6 Output/Release/Obj/ble_app_beacon_pca10100_s140/nrf_sortlist.o
                0x0000000000027fec                nrf_sortlist_peek
 .text.nrf_sortlist_remove
                0x0000000000027ff2       0x1a Output/Release/Obj/ble_app_beacon_pca10100_s140/nrf_sortlist.o
                0x0000000000027ff2                nrf_sortlist_remove
 .text.nrf52_errata_36
                0x000000000002800c       0x12 Output/Release/Obj/ble_app_beacon_pca10100_s140/system_nrf52833.o
 *fill*         0x000000000002801e        0x2 
 .text.nvmc_wait
                0x0000000000028020       0x10 Output/Release/Obj/ble_app_beacon_pca10100_s140/system_nrf52833.o
                0x0000000000028020                nvmc_wait
 .text.SystemInit
                0x0000000000028030      0x188 Output/Release/Obj/ble_app_beacon_pca10100_s140/system_nrf52833.o
                0x0000000000028030                SystemInit
 .text.bsp_board_led_state_get
                0x00000000000281b8       0x28 Output/Release/Obj/ble_app_beacon_pca10100_s140/boards.o
                0x00000000000281b8                bsp_board_led_state_get
 .text.bsp_board_led_on
                0x00000000000281e0       0x28 Output/Release/Obj/ble_app_beacon_pca10100_s140/boards.o
                0x00000000000281e0                bsp_board_led_on
 .text.bsp_board_led_off
                0x0000000000028208       0x28 Output/Release/Obj/ble_app_beacon_pca10100_s140/boards.o
                0x0000000000028208                bsp_board_led_off
 .text.bsp_board_leds_off
                0x0000000000028230       0x1e Output/Release/Obj/ble_app_beacon_pca10100_s140/boards.o
                0x0000000000028230                bsp_board_leds_off
 .text.bsp_board_leds_on
                0x000000000002824e       0x1e Output/Release/Obj/ble_app_beacon_pca10100_s140/boards.o
                0x000000000002824e                bsp_board_leds_on
 .text.bsp_board_led_invert
                0x000000000002826c       0x34 Output/Release/Obj/ble_app_beacon_pca10100_s140/boards.o
                0x000000000002826c                bsp_board_led_invert
 .text.bsp_board_pin_to_button_idx
                0x00000000000282a0       0x24 Output/Release/Obj/ble_app_beacon_pca10100_s140/boards.o
                0x00000000000282a0                bsp_board_pin_to_button_idx
 .text.bsp_board_init
                0x00000000000282c4       0x3e Output/Release/Obj/ble_app_beacon_pca10100_s140/boards.o
                0x00000000000282c4                bsp_board_init
 *fill*         0x0000000000028302        0x2 
 .text.clock_clk_started_notify
                0x0000000000028304       0x24 Output/Release/Obj/ble_app_beacon_pca10100_s140/nrf_drv_clock.o
 .text.clock_irq_handler
                0x0000000000028328       0x1c Output/Release/Obj/ble_app_beacon_pca10100_s140/nrf_drv_clock.o
 .text.soc_evt_handler
                0x0000000000028344       0x14 Output/Release/Obj/ble_app_beacon_pca10100_s140/nrf_drv_clock.o
 .text.nrf_drv_clock_init
                0x0000000000028358       0x48 Output/Release/Obj/ble_app_beacon_pca10100_s140/nrf_drv_clock.o
                0x0000000000028358                nrf_drv_clock_init
 .text.nrf_drv_clock_lfclk_release
                0x00000000000283a0       0x40 Output/Release/Obj/ble_app_beacon_pca10100_s140/nrf_drv_clock.o
                0x00000000000283a0                nrf_drv_clock_lfclk_release
 .text.sd_state_evt_handler
                0x00000000000283e0       0x64 Output/Release/Obj/ble_app_beacon_pca10100_s140/nrf_drv_clock.o
 .text.nrf_clock_event_clear
                0x0000000000028444       0x14 Output/Release/Obj/ble_app_beacon_pca10100_s140/nrfx_clock.o
 .text.nrfx_clock_init
                0x0000000000028458       0x18 Output/Release/Obj/ble_app_beacon_pca10100_s140/nrfx_clock.o
                0x0000000000028458                nrfx_clock_init
 .text.nrfx_clock_enable
                0x0000000000028470       0x24 Output/Release/Obj/ble_app_beacon_pca10100_s140/nrfx_clock.o
                0x0000000000028470                nrfx_clock_enable
 .text.nrfx_clock_lfclk_stop
                0x0000000000028494       0x22 Output/Release/Obj/ble_app_beacon_pca10100_s140/nrfx_clock.o
                0x0000000000028494                nrfx_clock_lfclk_stop
 *fill*         0x00000000000284b6        0x2 
 .text.POWER_CLOCK_IRQHandler
                0x00000000000284b8       0x4c Output/Release/Obj/ble_app_beacon_pca10100_s140/nrfx_clock.o
                0x00000000000284b8                POWER_CLOCK_IRQHandler
 .text.nrf_gpiote_event_clear
                0x0000000000028504       0x18 Output/Release/Obj/ble_app_beacon_pca10100_s140/nrfx_gpiote.o
 .text.nrf_gpio_pin_port_decode
                0x000000000002851c       0x18 Output/Release/Obj/ble_app_beacon_pca10100_s140/nrfx_gpiote.o
 .text.nrf_gpio_cfg_sense_set
                0x0000000000028534       0x2e Output/Release/Obj/ble_app_beacon_pca10100_s140/nrfx_gpiote.o
 *fill*         0x0000000000028562        0x2 
 .text.channel_free
                0x0000000000028564       0x1c Output/Release/Obj/ble_app_beacon_pca10100_s140/nrfx_gpiote.o
 .text.nrfx_gpiote_init
                0x0000000000028580       0x8c Output/Release/Obj/ble_app_beacon_pca10100_s140/nrfx_gpiote.o
                0x0000000000028580                nrfx_gpiote_init
 .text.nrfx_gpiote_is_init
                0x000000000002860c       0x14 Output/Release/Obj/ble_app_beacon_pca10100_s140/nrfx_gpiote.o
                0x000000000002860c                nrfx_gpiote_is_init
 .text.nrfx_gpiote_in_init
                0x0000000000028620      0x100 Output/Release/Obj/ble_app_beacon_pca10100_s140/nrfx_gpiote.o
                0x0000000000028620                nrfx_gpiote_in_init
 .text.nrfx_gpiote_in_event_enable
                0x0000000000028720       0x9c Output/Release/Obj/ble_app_beacon_pca10100_s140/nrfx_gpiote.o
                0x0000000000028720                nrfx_gpiote_in_event_enable
 .text.nrfx_gpiote_in_is_set
                0x00000000000287bc       0x1c Output/Release/Obj/ble_app_beacon_pca10100_s140/nrfx_gpiote.o
                0x00000000000287bc                nrfx_gpiote_in_is_set
 .text.GPIOTE_IRQHandler
                0x00000000000287d8      0x17c Output/Release/Obj/ble_app_beacon_pca10100_s140/nrfx_gpiote.o
                0x00000000000287d8                GPIOTE_IRQHandler
 .text.UARTE0_UART0_IRQHandler
                0x0000000000028954        0xc Output/Release/Obj/ble_app_beacon_pca10100_s140/nrfx_prs.o
                0x0000000000028954                UARTE0_UART0_IRQHandler
 .text.alert_timer_handler
                0x0000000000028960        0x6 Output/Release/Obj/ble_app_beacon_pca10100_s140/bsp.o
 *fill*         0x0000000000028966        0x2 
 .text.bsp_button_event_handler
                0x0000000000028968       0x9c Output/Release/Obj/ble_app_beacon_pca10100_s140/bsp.o
 .text.button_timer_handler
                0x0000000000028a04        0x8 Output/Release/Obj/ble_app_beacon_pca10100_s140/bsp.o
 .text.leds_off
                0x0000000000028a0c       0x2c Output/Release/Obj/ble_app_beacon_pca10100_s140/bsp.o
 .text.bsp_led_indication
                0x0000000000028a38      0x200 Output/Release/Obj/ble_app_beacon_pca10100_s140/bsp.o
 .text.leds_timer_handler
                0x0000000000028c38       0x1c Output/Release/Obj/ble_app_beacon_pca10100_s140/bsp.o
 .text.bsp_indication_set
                0x0000000000028c54       0x18 Output/Release/Obj/ble_app_beacon_pca10100_s140/bsp.o
                0x0000000000028c54                bsp_indication_set
 .text.bsp_init
                0x0000000000028c6c       0x9c Output/Release/Obj/ble_app_beacon_pca10100_s140/bsp.o
                0x0000000000028c6c                bsp_init
 .text.bsp_event_to_button_action_assign
                0x0000000000028d08       0x4c Output/Release/Obj/ble_app_beacon_pca10100_s140/bsp.o
                0x0000000000028d08                bsp_event_to_button_action_assign
 .text.advertising_buttons_configure
                0x0000000000028d54       0x36 Output/Release/Obj/ble_app_beacon_pca10100_s140/bsp_btn_ble.o
 *fill*         0x0000000000028d8a        0x2 
 .text.ble_evt_handler
                0x0000000000028d8c       0x80 Output/Release/Obj/ble_app_beacon_pca10100_s140/bsp_btn_ble.o
 .text.sd_ble_gap_adv_set_configure
                0x0000000000028e0c        0x4 Output/Release/Obj/ble_app_beacon_pca10100_s140/main.o
 .text.sd_ble_gap_adv_start
                0x0000000000028e10        0x4 Output/Release/Obj/ble_app_beacon_pca10100_s140/main.o
 .text.sd_ble_gap_adv_stop
                0x0000000000028e14        0x4 Output/Release/Obj/ble_app_beacon_pca10100_s140/main.o
 .text.sd_ble_gap_tx_power_set
                0x0000000000028e18        0x4 Output/Release/Obj/ble_app_beacon_pca10100_s140/main.o
 .text.advertising_start
                0x0000000000028e1c      0x118 Output/Release/Obj/ble_app_beacon_pca10100_s140/main.o
 .text.button_event_handler
                0x0000000000028f34       0x38 Output/Release/Obj/ble_app_beacon_pca10100_s140/main.o
 .text.startup.main
                0x0000000000028f6c      0x148 Output/Release/Obj/ble_app_beacon_pca10100_s140/main.o
                0x0000000000028f6c                main
 .text.sd_ble_gap_addr_get
                0x00000000000290b4        0x4 Output/Release/Obj/ble_app_beacon_pca10100_s140/ble_advdata.o
 .text.sd_ble_gap_appearance_get
                0x00000000000290b8        0x4 Output/Release/Obj/ble_app_beacon_pca10100_s140/ble_advdata.o
 .text.sd_ble_gap_device_name_get
                0x00000000000290bc        0x4 Output/Release/Obj/ble_app_beacon_pca10100_s140/ble_advdata.o
 .text.sd_ble_uuid_encode
                0x00000000000290c0        0x4 Output/Release/Obj/ble_app_beacon_pca10100_s140/ble_advdata.o
 .text.uuid_list_sized_encode
                0x00000000000290c4       0xac Output/Release/Obj/ble_app_beacon_pca10100_s140/ble_advdata.o
 .text.uuid_list_encode
                0x0000000000029170       0x38 Output/Release/Obj/ble_app_beacon_pca10100_s140/ble_advdata.o
 .text.ble_advdata_encode
                0x00000000000291a8      0x392 Output/Release/Obj/ble_app_beacon_pca10100_s140/ble_advdata.o
                0x00000000000291a8                ble_advdata_encode
 *fill*         0x000000000002953a        0x2 
 .text.instance_get
                0x000000000002953c       0x14 Output/Release/Obj/ble_app_beacon_pca10100_s140/ble_conn_params.o
 .text.send_error_evt
                0x0000000000029550       0x10 Output/Release/Obj/ble_app_beacon_pca10100_s140/ble_conn_params.o
 .text.conn_params_negotiation
                0x0000000000029560       0x48 Output/Release/Obj/ble_app_beacon_pca10100_s140/ble_conn_params.o
 .text.is_conn_params_ok.constprop.0
                0x00000000000295a8       0x32 Output/Release/Obj/ble_app_beacon_pca10100_s140/ble_conn_params.o
 *fill*         0x00000000000295da        0x2 
 .text.ble_evt_handler
                0x00000000000295dc       0xe0 Output/Release/Obj/ble_app_beacon_pca10100_s140/ble_conn_params.o
 .text.flag_toggle
                0x00000000000296bc        0xa Output/Release/Obj/ble_app_beacon_pca10100_s140/ble_conn_state.o
 .text.conn_handle_list_get
                0x00000000000296c6       0x2e Output/Release/Obj/ble_app_beacon_pca10100_s140/ble_conn_state.o
                0x00000000000296c6                conn_handle_list_get
 .text.ble_evt_handler
                0x00000000000296f4      0x110 Output/Release/Obj/ble_app_beacon_pca10100_s140/ble_conn_state.o
 .text.ble_srv_is_notification_enabled
                0x0000000000029804        0x8 Output/Release/Obj/ble_app_beacon_pca10100_s140/ble_srv_common.o
                0x0000000000029804                ble_srv_is_notification_enabled
 .text.sd_softdevice_enable
                0x000000000002980c        0x4 Output/Release/Obj/ble_app_beacon_pca10100_s140/nrf_sdh.o
 .text.sdh_request_observer_notify
                0x0000000000029810       0x30 Output/Release/Obj/ble_app_beacon_pca10100_s140/nrf_sdh.o
 .text.sdh_state_observer_notify
                0x0000000000029840       0x28 Output/Release/Obj/ble_app_beacon_pca10100_s140/nrf_sdh.o
 .text.softdevices_evt_irq_enable
                0x0000000000029868       0x38 Output/Release/Obj/ble_app_beacon_pca10100_s140/nrf_sdh.o
 .text.nrf_sdh_enable_request
                0x00000000000298a0       0x7c Output/Release/Obj/ble_app_beacon_pca10100_s140/nrf_sdh.o
                0x00000000000298a0                nrf_sdh_enable_request
 .text.nrf_sdh_is_enabled
                0x000000000002991c        0xc Output/Release/Obj/ble_app_beacon_pca10100_s140/nrf_sdh.o
                0x000000000002991c                nrf_sdh_is_enabled
 .text.nrf_sdh_evts_poll
                0x0000000000029928       0x28 Output/Release/Obj/ble_app_beacon_pca10100_s140/nrf_sdh.o
                0x0000000000029928                nrf_sdh_evts_poll
 .text.SWI2_EGU2_IRQHandler
                0x0000000000029950        0x4 Output/Release/Obj/ble_app_beacon_pca10100_s140/nrf_sdh.o
                0x0000000000029950                SWI2_EGU2_IRQHandler
 .text.sd_ble_enable
                0x0000000000029954        0x4 Output/Release/Obj/ble_app_beacon_pca10100_s140/nrf_sdh_ble.o
 .text.sd_ble_cfg_set
                0x0000000000029958        0x4 Output/Release/Obj/ble_app_beacon_pca10100_s140/nrf_sdh_ble.o
 .text.sd_ble_evt_get
                0x000000000002995c        0x4 Output/Release/Obj/ble_app_beacon_pca10100_s140/nrf_sdh_ble.o
 .text.nrf_sdh_ble_evts_poll.part.0
                0x0000000000029960       0x54 Output/Release/Obj/ble_app_beacon_pca10100_s140/nrf_sdh_ble.o
 .text.nrf_sdh_ble_evts_poll
                0x00000000000299b4       0x10 Output/Release/Obj/ble_app_beacon_pca10100_s140/nrf_sdh_ble.o
 .text.nrf_sdh_ble_default_cfg_set
                0x00000000000299c4       0xd0 Output/Release/Obj/ble_app_beacon_pca10100_s140/nrf_sdh_ble.o
                0x00000000000299c4                nrf_sdh_ble_default_cfg_set
 .text.nrf_sdh_ble_enable
                0x0000000000029a94       0x14 Output/Release/Obj/ble_app_beacon_pca10100_s140/nrf_sdh_ble.o
                0x0000000000029a94                nrf_sdh_ble_enable
 .text.sd_evt_get
                0x0000000000029aa8        0x4 Output/Release/Obj/ble_app_beacon_pca10100_s140/nrf_sdh_soc.o
 .text.nrf_sdh_soc_evts_poll
                0x0000000000029aac       0x40 Output/Release/Obj/ble_app_beacon_pca10100_s140/nrf_sdh_soc.o
 .text.libc.__int64_udivmod
                0x0000000000029aec       0xce C:/Program Files/SEGGER/SEGGER Embedded Studio for ARM 5.42a/lib/libc_v7em_fpv4_sp_d16_hard_t_le_eabi.a(libc_asm.o)
                0x0000000000029aec                __aeabi_uldivmod
                0x0000000000029aec                __int64_udiv
                0x0000000000029aec                __udivdi3
                0x0000000000029aec                __int64_udivmod
 .text.libc.memcpy
                0x0000000000029bba       0x52 C:/Program Files/SEGGER/SEGGER Embedded Studio for ARM 5.42a/lib/libc_v7em_fpv4_sp_d16_hard_t_le_eabi.a(libc2_asm.o)
                0x0000000000029bba                __aeabi_memcpy
                0x0000000000029bba                memcpy
                0x0000000000029bc6                __aeabi_memcpy8
                0x0000000000029bc6                __aeabi_memcpy4
 .text.libc.memset
                0x0000000000029c0c       0x66 C:/Program Files/SEGGER/SEGGER Embedded Studio for ARM 5.42a/lib/libc_v7em_fpv4_sp_d16_hard_t_le_eabi.a(libc2_asm.o)
                0x0000000000029c0c                memset
                0x0000000000029c74                . = ALIGN (MAX ((__text_start__ + 0x4), .), 0x4)
 *fill*         0x0000000000029c72        0x2 
                0x0000000000029c74                __text_end__ = (__text_start__ + SIZEOF (.text))
                0x00000000000028a4                __text_size__ = SIZEOF (.text)
                0x0000000000029c74                __text_load_end__ = __text_end__

.vfp11_veneer   0x0000000100000000        0x0
 .vfp11_veneer  0x0000000100000000        0x0 linker stubs

.v4_bx          0x0000000100000000        0x0
 .v4_bx         0x0000000100000000        0x0 linker stubs

.iplt           0x0000000100000000        0x0
 .iplt          0x0000000100000000        0x0 Output/Release/Obj/ble_app_beacon_pca10100_s140/thumb_crt0.o
                0x0000000000000001                . = ASSERT (((__text_start__ == __text_end__) || ((__text_end__ - __FLASH1_segment_start__) <= __FLASH1_segment_size__)), error: .text is too large to fit in FLASH1 memory segment)
                0x0000000000029c74                __sdh_soc_observers_load_start__ = ALIGN (__text_end__, 0x4)

.sdh_soc_observers
                0x0000000000029c74        0x8
                0x0000000000029c74                __sdh_soc_observers_start__ = .
                0x0000000000029c74                __start_sdh_soc_observers = __sdh_soc_observers_start__
 *(SORT_BY_NAME(.sdh_soc_observers*))
 .sdh_soc_observers0
                0x0000000000029c74        0x8 Output/Release/Obj/ble_app_beacon_pca10100_s140/nrf_drv_clock.o
                0x0000000000029c7c                __sdh_soc_observers_end__ = (__sdh_soc_observers_start__ + SIZEOF (.sdh_soc_observers))
                0x0000000000000008                __sdh_soc_observers_size__ = SIZEOF (.sdh_soc_observers)
                0x0000000000029c7c                __stop_sdh_soc_observers = __sdh_soc_observers_end__
                0x0000000000029c7c                __sdh_soc_observers_load_end__ = __sdh_soc_observers_end__
                0x0000000000000001                . = ASSERT (((__sdh_soc_observers_start__ == __sdh_soc_observers_end__) || ((__sdh_soc_observers_end__ - __FLASH1_segment_start__) <= __FLASH1_segment_size__)), error: .sdh_soc_observers is too large to fit in FLASH1 memory segment)
                0x0000000000029c7c                __sdh_ble_observers_load_start__ = ALIGN (__sdh_soc_observers_end__, 0x4)

.sdh_ble_observers
                0x0000000000029c7c       0x18
                0x0000000000029c7c                __sdh_ble_observers_start__ = .
                0x0000000000029c7c                __start_sdh_ble_observers = __sdh_ble_observers_start__
 *(SORT_BY_NAME(.sdh_ble_observers*))
 .sdh_ble_observers0
                0x0000000000029c7c        0x8 Output/Release/Obj/ble_app_beacon_pca10100_s140/ble_conn_state.o
 .sdh_ble_observers1
                0x0000000000029c84        0x8 Output/Release/Obj/ble_app_beacon_pca10100_s140/bsp_btn_ble.o
 .sdh_ble_observers1
                0x0000000000029c8c        0x8 Output/Release/Obj/ble_app_beacon_pca10100_s140/ble_conn_params.o
                0x0000000000029c94                __sdh_ble_observers_end__ = (__sdh_ble_observers_start__ + SIZEOF (.sdh_ble_observers))
                0x0000000000000018                __sdh_ble_observers_size__ = SIZEOF (.sdh_ble_observers)
                0x0000000000029c94                __stop_sdh_ble_observers = __sdh_ble_observers_end__
                0x0000000000029c94                __sdh_ble_observers_load_end__ = __sdh_ble_observers_end__
                0x0000000000000001                . = ASSERT (((__sdh_ble_observers_start__ == __sdh_ble_observers_end__) || ((__sdh_ble_observers_end__ - __FLASH1_segment_start__) <= __FLASH1_segment_size__)), error: .sdh_ble_observers is too large to fit in FLASH1 memory segment)
                0x0000000000029c94                __pwr_mgmt_data_load_start__ = ALIGN (__sdh_ble_observers_end__, 0x4)

.pwr_mgmt_data  0x0000000000029c94        0x0
                0x0000000000029c94                __pwr_mgmt_data_start__ = .
                0x0000000000029c94                __start_pwr_mgmt_data = __pwr_mgmt_data_start__
 *(SORT_BY_NAME(.pwr_mgmt_data*))
                0x0000000000029c94                __pwr_mgmt_data_end__ = (__pwr_mgmt_data_start__ + SIZEOF (.pwr_mgmt_data))
                0x0000000000000000                __pwr_mgmt_data_size__ = SIZEOF (.pwr_mgmt_data)
                0x0000000000029c94                __stop_pwr_mgmt_data = __pwr_mgmt_data_end__
                0x0000000000029c94                __pwr_mgmt_data_load_end__ = __pwr_mgmt_data_end__
                0x0000000000000001                . = ASSERT (((__pwr_mgmt_data_start__ == __pwr_mgmt_data_end__) || ((__pwr_mgmt_data_end__ - __FLASH1_segment_start__) <= __FLASH1_segment_size__)), error: .pwr_mgmt_data is too large to fit in FLASH1 memory segment)
                0x0000000000029c94                __sdh_req_observers_load_start__ = ALIGN (__pwr_mgmt_data_end__, 0x4)

.sdh_req_observers
                0x0000000000029c94        0x0
                0x0000000000029c94                __sdh_req_observers_start__ = .
                0x0000000000029c94                __start_sdh_req_observers = __sdh_req_observers_start__
 *(SORT_BY_NAME(.sdh_req_observers*))
                0x0000000000029c94                __sdh_req_observers_end__ = (__sdh_req_observers_start__ + SIZEOF (.sdh_req_observers))
                0x0000000000000000                __sdh_req_observers_size__ = SIZEOF (.sdh_req_observers)
                0x0000000000029c94                __stop_sdh_req_observers = __sdh_req_observers_end__
                0x0000000000029c94                __sdh_req_observers_load_end__ = __sdh_req_observers_end__
                0x0000000000000001                . = ASSERT (((__sdh_req_observers_start__ == __sdh_req_observers_end__) || ((__sdh_req_observers_end__ - __FLASH1_segment_start__) <= __FLASH1_segment_size__)), error: .sdh_req_observers is too large to fit in FLASH1 memory segment)
                0x0000000000029c94                __sdh_state_observers_load_start__ = ALIGN (__sdh_req_observers_end__, 0x4)

.sdh_state_observers
                0x0000000000029c94        0x8
                0x0000000000029c94                __sdh_state_observers_start__ = .
                0x0000000000029c94                __start_sdh_state_observers = __sdh_state_observers_start__
 *(SORT_BY_NAME(.sdh_state_observers*))
 .sdh_state_observers0
                0x0000000000029c94        0x8 Output/Release/Obj/ble_app_beacon_pca10100_s140/nrf_drv_clock.o
                0x0000000000029c9c                __sdh_state_observers_end__ = (__sdh_state_observers_start__ + SIZEOF (.sdh_state_observers))
                0x0000000000000008                __sdh_state_observers_size__ = SIZEOF (.sdh_state_observers)
                0x0000000000029c9c                __stop_sdh_state_observers = __sdh_state_observers_end__
                0x0000000000029c9c                __sdh_state_observers_load_end__ = __sdh_state_observers_end__
                0x0000000000000001                . = ASSERT (((__sdh_state_observers_start__ == __sdh_state_observers_end__) || ((__sdh_state_observers_end__ - __FLASH1_segment_start__) <= __FLASH1_segment_size__)), error: .sdh_state_observers is too large to fit in FLASH1 memory segment)
                0x0000000000029c9c                __sdh_stack_observers_load_start__ = ALIGN (__sdh_state_observers_end__, 0x4)

.sdh_stack_observers
                0x0000000000029c9c       0x10
                0x0000000000029c9c                __sdh_stack_observers_start__ = .
                0x0000000000029c9c                __start_sdh_stack_observers = __sdh_stack_observers_start__
 *(SORT_BY_NAME(.sdh_stack_observers*))
 .sdh_stack_observers0
                0x0000000000029c9c        0x8 Output/Release/Obj/ble_app_beacon_pca10100_s140/nrf_sdh_ble.o
 .sdh_stack_observers0
                0x0000000000029ca4        0x8 Output/Release/Obj/ble_app_beacon_pca10100_s140/nrf_sdh_soc.o
                0x0000000000029cac                __sdh_stack_observers_end__ = (__sdh_stack_observers_start__ + SIZEOF (.sdh_stack_observers))
                0x0000000000000010                __sdh_stack_observers_size__ = SIZEOF (.sdh_stack_observers)
                0x0000000000029cac                __stop_sdh_stack_observers = __sdh_stack_observers_end__
                0x0000000000029cac                __sdh_stack_observers_load_end__ = __sdh_stack_observers_end__
                0x0000000000000001                . = ASSERT (((__sdh_stack_observers_start__ == __sdh_stack_observers_end__) || ((__sdh_stack_observers_end__ - __FLASH1_segment_start__) <= __FLASH1_segment_size__)), error: .sdh_stack_observers is too large to fit in FLASH1 memory segment)
                0x0000000000029cac                __nrf_queue_load_start__ = ALIGN (__sdh_stack_observers_end__, 0x4)

.nrf_queue      0x0000000000029cac        0x0
                0x0000000000029cac                __nrf_queue_start__ = .
                0x0000000000029cac                __start_nrf_queue = __nrf_queue_start__
 *(.nrf_queue*)
                0x0000000000029cac                __nrf_queue_end__ = (__nrf_queue_start__ + SIZEOF (.nrf_queue))
                0x0000000000000000                __nrf_queue_size__ = SIZEOF (.nrf_queue)
                0x0000000000029cac                __stop_nrf_queue = __nrf_queue_end__
                0x0000000000029cac                __nrf_queue_load_end__ = __nrf_queue_end__
                0x0000000000000001                . = ASSERT (((__nrf_queue_start__ == __nrf_queue_end__) || ((__nrf_queue_end__ - __FLASH1_segment_start__) <= __FLASH1_segment_size__)), error: .nrf_queue is too large to fit in FLASH1 memory segment)
                0x0000000000029cac                __nrf_balloc_load_start__ = ALIGN (__nrf_queue_end__, 0x4)

.nrf_balloc     0x0000000000029cac        0x0
                0x0000000000029cac                __nrf_balloc_start__ = .
                0x0000000000029cac                __start_nrf_balloc = __nrf_balloc_start__
 *(.nrf_balloc*)
                0x0000000000029cac                __nrf_balloc_end__ = (__nrf_balloc_start__ + SIZEOF (.nrf_balloc))
                0x0000000000000000                __nrf_balloc_size__ = SIZEOF (.nrf_balloc)
                0x0000000000029cac                __stop_nrf_balloc = __nrf_balloc_end__
                0x0000000000029cac                __nrf_balloc_load_end__ = __nrf_balloc_end__
                0x0000000000000001                . = ASSERT (((__nrf_balloc_start__ == __nrf_balloc_end__) || ((__nrf_balloc_end__ - __FLASH1_segment_start__) <= __FLASH1_segment_size__)), error: .nrf_balloc is too large to fit in FLASH1 memory segment)
                0x0000000000029cac                __cli_command_load_start__ = ALIGN (__nrf_balloc_end__, 0x4)

.cli_command    0x0000000000029cac        0x0
                0x0000000000029cac                __cli_command_start__ = .
                0x0000000000029cac                __start_cli_command = __cli_command_start__
 *(.cli_command*)
                0x0000000000029cac                __cli_command_end__ = (__cli_command_start__ + SIZEOF (.cli_command))
                0x0000000000000000                __cli_command_size__ = SIZEOF (.cli_command)
                0x0000000000029cac                __stop_cli_command = __cli_command_end__
                0x0000000000029cac                __cli_command_load_end__ = __cli_command_end__
                0x0000000000000001                . = ASSERT (((__cli_command_start__ == __cli_command_end__) || ((__cli_command_end__ - __FLASH1_segment_start__) <= __FLASH1_segment_size__)), error: .cli_command is too large to fit in FLASH1 memory segment)
                0x0000000000029cac                __crypto_data_load_start__ = ALIGN (__cli_command_end__, 0x4)

.crypto_data    0x0000000000029cac        0x0
                0x0000000000029cac                __crypto_data_start__ = .
                0x0000000000029cac                __start_crypto_data = __crypto_data_start__
 *(SORT_BY_NAME(.crypto_data*))
                0x0000000000029cac                __crypto_data_end__ = (__crypto_data_start__ + SIZEOF (.crypto_data))
                0x0000000000000000                __crypto_data_size__ = SIZEOF (.crypto_data)
                0x0000000000029cac                __stop_crypto_data = __crypto_data_end__
                0x0000000000029cac                __crypto_data_load_end__ = __crypto_data_end__
                0x0000000000000001                . = ASSERT (((__crypto_data_start__ == __crypto_data_end__) || ((__crypto_data_end__ - __FLASH1_segment_start__) <= __FLASH1_segment_size__)), error: .crypto_data is too large to fit in FLASH1 memory segment)
                0x0000000000029cac                __log_const_data_load_start__ = ALIGN (__crypto_data_end__, 0x4)

.log_const_data
                0x0000000000029cac        0x0
                0x0000000000029cac                __log_const_data_start__ = .
                0x0000000000029cac                __start_log_const_data = __log_const_data_start__
 *(SORT_BY_NAME(.log_const_data*))
                0x0000000000029cac                __log_const_data_end__ = (__log_const_data_start__ + SIZEOF (.log_const_data))
                0x0000000000000000                __log_const_data_size__ = SIZEOF (.log_const_data)
                0x0000000000029cac                __stop_log_const_data = __log_const_data_end__
                0x0000000000029cac                __log_const_data_load_end__ = __log_const_data_end__
                0x0000000000000001                . = ASSERT (((__log_const_data_start__ == __log_const_data_end__) || ((__log_const_data_end__ - __FLASH1_segment_start__) <= __FLASH1_segment_size__)), error: .log_const_data is too large to fit in FLASH1 memory segment)
                0x0000000000029cac                __log_backends_load_start__ = ALIGN (__log_const_data_end__, 0x4)

.log_backends   0x0000000000029cac        0x0
                0x0000000000029cac                __log_backends_start__ = .
                0x0000000000029cac                __start_log_backends = __log_backends_start__
 *(SORT_BY_NAME(.log_backends*))
                0x0000000000029cac                __log_backends_end__ = (__log_backends_start__ + SIZEOF (.log_backends))
                0x0000000000000000                __log_backends_size__ = SIZEOF (.log_backends)
                0x0000000000029cac                __stop_log_backends = __log_backends_end__
                0x0000000000029cac                __log_backends_load_end__ = __log_backends_end__
                0x0000000000000001                . = ASSERT (((__log_backends_start__ == __log_backends_end__) || ((__log_backends_end__ - __FLASH1_segment_start__) <= __FLASH1_segment_size__)), error: .log_backends is too large to fit in FLASH1 memory segment)
                0x0000000000029cac                __nrf_sections_load_start__ = ALIGN (__log_backends_end__, 0x4)

.nrf_sections   0x0000000000029cac        0x0
                0x0000000000029cac                __nrf_sections_start__ = .
                0x0000000000029cac                __start_nrf_sections = __nrf_sections_start__
 *(.nrf_sections .nrf_sections.*)
                0x0000000000029cac                __nrf_sections_end__ = (__nrf_sections_start__ + SIZEOF (.nrf_sections))
                0x0000000000000000                __nrf_sections_size__ = SIZEOF (.nrf_sections)
                0x0000000000029cac                __nrf_sections_load_end__ = __nrf_sections_end__
                0x0000000000000001                . = ASSERT (((__nrf_sections_start__ == __nrf_sections_end__) || ((__nrf_sections_end__ - __FLASH1_segment_start__) <= __FLASH1_segment_size__)), error: .nrf_sections is too large to fit in FLASH1 memory segment)
                0x0000000000029cac                __cli_sorted_cmd_ptrs_load_start__ = ALIGN (__nrf_sections_end__, 0x4)

.cli_sorted_cmd_ptrs
                0x0000000020002ae8        0x0 load address 0x0000000000029cac
                0x0000000020002ae8                __cli_sorted_cmd_ptrs_start__ = .
 *(.cli_sorted_cmd_ptrs*)
                0x0000000020002ae8                __cli_sorted_cmd_ptrs_end__ = (__cli_sorted_cmd_ptrs_start__ + SIZEOF (.cli_sorted_cmd_ptrs))
                0x0000000000000000                __cli_sorted_cmd_ptrs_size__ = SIZEOF (.cli_sorted_cmd_ptrs)
                0x0000000000029cac                __cli_sorted_cmd_ptrs_load_end__ = (__cli_sorted_cmd_ptrs_load_start__ + SIZEOF (.cli_sorted_cmd_ptrs))
                0x0000000000000001                . = ASSERT (((__cli_sorted_cmd_ptrs_load_start__ == __cli_sorted_cmd_ptrs_load_end__) || ((__cli_sorted_cmd_ptrs_load_end__ - __FLASH1_segment_start__) <= __FLASH1_segment_size__)), error: .cli_sorted_cmd_ptrs is too large to fit in FLASH1 memory segment)

.cli_sorted_cmd_ptrs_run
                0x0000000020002ae8        0x0
                0x0000000020002ae8                __cli_sorted_cmd_ptrs_run_start__ = .
                0x0000000020002ae8                __start_cli_sorted_cmd_ptrs = __cli_sorted_cmd_ptrs_run_start__
                0x0000000020002ae8                __cli_sorted_cmd_ptrs_run_end__ = (__cli_sorted_cmd_ptrs_run_start__ + SIZEOF (.cli_sorted_cmd_ptrs))
                0x0000000000000000                __cli_sorted_cmd_ptrs_run_size__ = (__cli_sorted_cmd_ptrs_run_end__ - __cli_sorted_cmd_ptrs_run_start__)
                0x0000000020002ae8                __stop_cli_sorted_cmd_ptrs = __cli_sorted_cmd_ptrs_run_end__
                0x0000000020002ae8                __cli_sorted_cmd_ptrs_run_load_end__ = __cli_sorted_cmd_ptrs_run_end__
                0x0000000000000001                . = ASSERT (((__cli_sorted_cmd_ptrs_run_start__ == __cli_sorted_cmd_ptrs_run_end__) || ((__cli_sorted_cmd_ptrs_run_end__ - __RAM1_segment_start__) <= __RAM1_segment_size__)), error: .cli_sorted_cmd_ptrs_run is too large to fit in RAM1 memory segment)
                0x0000000000029cac                __fs_data_load_start__ = ALIGN ((__cli_sorted_cmd_ptrs_load_start__ + SIZEOF (.cli_sorted_cmd_ptrs)), 0x4)

.fs_data        0x0000000020002ae8        0x0 load address 0x0000000000029cac
                0x0000000020002ae8                __fs_data_start__ = .
 *(.fs_data*)
                0x0000000020002ae8                __fs_data_end__ = (__fs_data_start__ + SIZEOF (.fs_data))
                0x0000000000000000                __fs_data_size__ = SIZEOF (.fs_data)
                0x0000000000029cac                __fs_data_load_end__ = (__fs_data_load_start__ + SIZEOF (.fs_data))
                0x0000000000000001                . = ASSERT (((__fs_data_load_start__ == __fs_data_load_end__) || ((__fs_data_load_end__ - __FLASH1_segment_start__) <= __FLASH1_segment_size__)), error: .fs_data is too large to fit in FLASH1 memory segment)

.fs_data_run    0x0000000020002ae8        0x0
                0x0000000020002ae8                __fs_data_run_start__ = .
                0x0000000020002ae8                __start_fs_data = __fs_data_run_start__
                0x0000000020002ae8                __fs_data_run_end__ = (__fs_data_run_start__ + SIZEOF (.fs_data))
                0x0000000000000000                __fs_data_run_size__ = (__fs_data_run_end__ - __fs_data_run_start__)
                0x0000000020002ae8                __stop_fs_data = __fs_data_run_end__
                0x0000000020002ae8                __fs_data_run_load_end__ = __fs_data_run_end__
                0x0000000000000001                . = ASSERT (((__fs_data_run_start__ == __fs_data_run_end__) || ((__fs_data_run_end__ - __RAM1_segment_start__) <= __RAM1_segment_size__)), error: .fs_data_run is too large to fit in RAM1 memory segment)
                0x0000000000029cac                __log_dynamic_data_load_start__ = ALIGN ((__fs_data_load_start__ + SIZEOF (.fs_data)), 0x4)

.log_dynamic_data
                0x0000000020002ae8        0x0 load address 0x0000000000029cac
                0x0000000020002ae8                __log_dynamic_data_start__ = .
 *(SORT_BY_NAME(.log_dynamic_data*))
                0x0000000020002ae8                __log_dynamic_data_end__ = (__log_dynamic_data_start__ + SIZEOF (.log_dynamic_data))
                0x0000000000000000                __log_dynamic_data_size__ = SIZEOF (.log_dynamic_data)
                0x0000000000029cac                __log_dynamic_data_load_end__ = (__log_dynamic_data_load_start__ + SIZEOF (.log_dynamic_data))
                0x0000000000000001                . = ASSERT (((__log_dynamic_data_load_start__ == __log_dynamic_data_load_end__) || ((__log_dynamic_data_load_end__ - __FLASH1_segment_start__) <= __FLASH1_segment_size__)), error: .log_dynamic_data is too large to fit in FLASH1 memory segment)

.log_dynamic_data_run
                0x0000000020002ae8        0x0
                0x0000000020002ae8                __log_dynamic_data_run_start__ = .
                0x0000000020002ae8                __start_log_dynamic_data = __log_dynamic_data_run_start__
                0x0000000020002ae8                __log_dynamic_data_run_end__ = (__log_dynamic_data_run_start__ + SIZEOF (.log_dynamic_data))
                0x0000000000000000                __log_dynamic_data_run_size__ = (__log_dynamic_data_run_end__ - __log_dynamic_data_run_start__)
                0x0000000020002ae8                __stop_log_dynamic_data = __log_dynamic_data_run_end__
                0x0000000020002ae8                __log_dynamic_data_run_load_end__ = __log_dynamic_data_run_end__
                0x0000000000000001                . = ASSERT (((__log_dynamic_data_run_start__ == __log_dynamic_data_run_end__) || ((__log_dynamic_data_run_end__ - __RAM1_segment_start__) <= __RAM1_segment_size__)), error: .log_dynamic_data_run is too large to fit in RAM1 memory segment)
                0x0000000000029cac                __log_filter_data_load_start__ = ALIGN ((__log_dynamic_data_load_start__ + SIZEOF (.log_dynamic_data)), 0x4)

.log_filter_data
                0x0000000020002ae8        0x0 load address 0x0000000000029cac
                0x0000000020002ae8                __log_filter_data_start__ = .
 *(SORT_BY_NAME(.log_filter_data*))
                0x0000000020002ae8                __log_filter_data_end__ = (__log_filter_data_start__ + SIZEOF (.log_filter_data))
                0x0000000000000000                __log_filter_data_size__ = SIZEOF (.log_filter_data)
                0x0000000000029cac                __log_filter_data_load_end__ = (__log_filter_data_load_start__ + SIZEOF (.log_filter_data))
                0x0000000000000001                . = ASSERT (((__log_filter_data_load_start__ == __log_filter_data_load_end__) || ((__log_filter_data_load_end__ - __FLASH1_segment_start__) <= __FLASH1_segment_size__)), error: .log_filter_data is too large to fit in FLASH1 memory segment)

.log_filter_data_run
                0x0000000020002ae8        0x0
                0x0000000020002ae8                __log_filter_data_run_start__ = .
                0x0000000020002ae8                __start_log_filter_data = __log_filter_data_run_start__
                0x0000000020002ae8                __log_filter_data_run_end__ = (__log_filter_data_run_start__ + SIZEOF (.log_filter_data))
                0x0000000000000000                __log_filter_data_run_size__ = (__log_filter_data_run_end__ - __log_filter_data_run_start__)
                0x0000000020002ae8                __stop_log_filter_data = __log_filter_data_run_end__
                0x0000000020002ae8                __log_filter_data_run_load_end__ = __log_filter_data_run_end__
                0x0000000000000001                . = ASSERT (((__log_filter_data_run_start__ == __log_filter_data_run_end__) || ((__log_filter_data_run_end__ - __RAM1_segment_start__) <= __RAM1_segment_size__)), error: .log_filter_data_run is too large to fit in RAM1 memory segment)
                0x0000000020002ae8                __nrf_sections_run_end_load_start__ = ALIGN (__log_filter_data_run_end__, 0x4)

.nrf_sections_run_end
                0x0000000020002ae8        0x0
                0x0000000020002ae8                __nrf_sections_run_end_start__ = .
                0x0000000020002ae8                __end_nrf_sections_run = __nrf_sections_run_end_start__
 *(.nrf_sections_run_end .nrf_sections_run_end.*)
                0x0000000020002ae8                __nrf_sections_run_end_end__ = (__nrf_sections_run_end_start__ + SIZEOF (.nrf_sections_run_end))
                0x0000000000000000                __nrf_sections_run_end_size__ = SIZEOF (.nrf_sections_run_end)
                0x0000000020002ae8                __nrf_sections_run_end_load_end__ = __nrf_sections_run_end_end__
                0x0000000000000001                . = ASSERT (((__nrf_sections_run_end_start__ == __nrf_sections_run_end_end__) || ((__nrf_sections_run_end_end__ - __RAM1_segment_start__) <= __RAM1_segment_size__)), error: .nrf_sections_run_end is too large to fit in RAM1 memory segment)
                0x0000000000029cac                __dtors_load_start__ = ALIGN ((__log_filter_data_load_start__ + SIZEOF (.log_filter_data)), 0x4)

.dtors          0x0000000000029cac        0x0
                0x0000000000029cac                __dtors_start__ = .
 *(SORT_BY_NAME(.dtors.*))
 *(.dtors)
 *(.fini_array)
 *(SORT_BY_NAME(.fini_array.*))
                0x0000000000029cac                __dtors_end__ = (__dtors_start__ + SIZEOF (.dtors))
                0x0000000000000000                __dtors_size__ = SIZEOF (.dtors)
                0x0000000000029cac                __dtors_load_end__ = __dtors_end__
                0x0000000000000001                . = ASSERT (((__dtors_start__ == __dtors_end__) || ((__dtors_end__ - __FLASH1_segment_start__) <= __FLASH1_segment_size__)), error: .dtors is too large to fit in FLASH1 memory segment)
                0x0000000000029cac                __ctors_load_start__ = ALIGN (__dtors_end__, 0x4)

.ctors          0x0000000000029cac        0x0
                0x0000000000029cac                __ctors_start__ = .
 *(SORT_BY_NAME(.ctors.*))
 *(.ctors)
 *(.init_array)
 *(SORT_BY_NAME(.init_array.*))
                0x0000000000029cac                __ctors_end__ = (__ctors_start__ + SIZEOF (.ctors))
                0x0000000000000000                __ctors_size__ = SIZEOF (.ctors)
                0x0000000000029cac                __ctors_load_end__ = __ctors_end__
                0x0000000000000001                . = ASSERT (((__ctors_start__ == __ctors_end__) || ((__ctors_end__ - __FLASH1_segment_start__) <= __FLASH1_segment_size__)), error: .ctors is too large to fit in FLASH1 memory segment)
                0x0000000000029cac                __rodata_load_start__ = ALIGN (__ctors_end__, 0x4)

.rodata         0x0000000000029cac       0xac
                0x0000000000029cac                __rodata_start__ = .
 *(.rodata .rodata.* .gnu.linkonce.r.*)
 .rodata.m_detection_delay_timer_id
                0x0000000000029cac        0x4 Output/Release/Obj/ble_app_beacon_pca10100_s140/app_button.o
 .rodata        0x0000000000029cb0        0x4 Output/Release/Obj/ble_app_beacon_pca10100_s140/app_timer2.o
 .rodata.m_app_timer_sortlist
                0x0000000000029cb4        0xc Output/Release/Obj/ble_app_beacon_pca10100_s140/app_timer2.o
 .rodata.delay_machine_code.0
                0x0000000000029cc0        0x6 Output/Release/Obj/ble_app_beacon_pca10100_s140/drv_rtc.o
 *fill*         0x0000000000029cc6        0x2 
 .rodata.pwr_mgmt_data
                0x0000000000029cc8        0xc Output/Release/Obj/ble_app_beacon_pca10100_s140/nrf_pwr_mgmt.o
 .rodata.CSWTCH.7
                0x0000000000029cd4        0x3 Output/Release/Obj/ble_app_beacon_pca10100_s140/system_nrf52833.o
 .rodata.m_board_led_list
                0x0000000000029cd7        0x4 Output/Release/Obj/ble_app_beacon_pca10100_s140/boards.o
 *fill*         0x0000000000029cdb        0x1 
 .rodata.app_buttons
                0x0000000000029cdc       0x20 Output/Release/Obj/ble_app_beacon_pca10100_s140/bsp.o
 .rodata.m_bsp_alert_tmr
                0x0000000000029cfc        0x4 Output/Release/Obj/ble_app_beacon_pca10100_s140/bsp.o
 .rodata.m_bsp_button_tmr
                0x0000000000029d00        0x4 Output/Release/Obj/ble_app_beacon_pca10100_s140/bsp.o
 .rodata.m_bsp_leds_tmr
                0x0000000000029d04        0x4 Output/Release/Obj/ble_app_beacon_pca10100_s140/bsp.o
 *fill*         0x0000000000029d08        0x8 
 .rodata.delay_machine_code.0
                0x0000000000029d10        0x6 Output/Release/Obj/ble_app_beacon_pca10100_s140/main.o
 .rodata        0x0000000000029d16        0x4 Output/Release/Obj/ble_app_beacon_pca10100_s140/nrf_sdh.o
 *fill*         0x0000000000029d1a        0x2 
 .rodata.sdh_req_observers
                0x0000000000029d1c        0xc Output/Release/Obj/ble_app_beacon_pca10100_s140/nrf_sdh.o
 .rodata.sdh_stack_observers
                0x0000000000029d28        0xc Output/Release/Obj/ble_app_beacon_pca10100_s140/nrf_sdh.o
 .rodata.sdh_state_observers
                0x0000000000029d34        0xc Output/Release/Obj/ble_app_beacon_pca10100_s140/nrf_sdh.o
 .rodata.sdh_ble_observers
                0x0000000000029d40        0xc Output/Release/Obj/ble_app_beacon_pca10100_s140/nrf_sdh_ble.o
 .rodata.sdh_soc_observers
                0x0000000000029d4c        0xc Output/Release/Obj/ble_app_beacon_pca10100_s140/nrf_sdh_soc.o
                0x0000000000029d58                . = ALIGN (MAX ((__rodata_start__ + 0x4), .), 0x4)
                0x0000000000029d58                __rodata_end__ = (__rodata_start__ + SIZEOF (.rodata))
                0x00000000000000ac                __rodata_size__ = SIZEOF (.rodata)
                0x0000000000029d58                __rodata_load_end__ = __rodata_end__

.rel.dyn        0x0000000000029d58        0x0
 .rel.iplt      0x0000000000029d58        0x0 Output/Release/Obj/ble_app_beacon_pca10100_s140/thumb_crt0.o
                0x0000000000000001                . = ASSERT (((__rodata_start__ == __rodata_end__) || ((__rodata_end__ - __FLASH1_segment_start__) <= __FLASH1_segment_size__)), error: .rodata is too large to fit in FLASH1 memory segment)
                0x0000000000029d58                __ARM.exidx_load_start__ = ALIGN (__rodata_end__, 0x4)

.ARM.exidx      0x0000000000029d58        0x0
                0x0000000000029d58                __ARM.exidx_start__ = .
                0x0000000000029d58                __exidx_start = __ARM.exidx_start__
 *(.ARM.exidx .ARM.exidx.*)
                0x0000000000029d58                __ARM.exidx_end__ = (__ARM.exidx_start__ + SIZEOF (.ARM.exidx))
                0x0000000000000000                __ARM.exidx_size__ = SIZEOF (.ARM.exidx)
                0x0000000000029d58                __exidx_end = __ARM.exidx_end__
                0x0000000000029d58                __ARM.exidx_load_end__ = __ARM.exidx_end__
                0x0000000000000001                . = ASSERT (((__ARM.exidx_start__ == __ARM.exidx_end__) || ((__ARM.exidx_end__ - __FLASH1_segment_start__) <= __FLASH1_segment_size__)), error: .ARM.exidx is too large to fit in FLASH1 memory segment)
                0x0000000000029d58                __fast_load_start__ = ALIGN (__ARM.exidx_end__, 0x4)

.fast           0x0000000020002ae8        0x0 load address 0x0000000000029d58
                0x0000000020002ae8                __fast_start__ = .
 *(.fast .fast.*)
                0x0000000020002ae8                __fast_end__ = (__fast_start__ + SIZEOF (.fast))
                0x0000000000000000                __fast_size__ = SIZEOF (.fast)
                0x0000000000029d58                __fast_load_end__ = (__fast_load_start__ + SIZEOF (.fast))
                0x0000000000000001                . = ASSERT (((__fast_load_start__ == __fast_load_end__) || ((__fast_load_end__ - __FLASH1_segment_start__) <= __FLASH1_segment_size__)), error: .fast is too large to fit in FLASH1 memory segment)

.fast_run       0x0000000020002ae8        0x0
                0x0000000020002ae8                __fast_run_start__ = .
                0x0000000020002ae8                __fast_run_end__ = (__fast_run_start__ + SIZEOF (.fast))
                0x0000000000000000                __fast_run_size__ = (__fast_run_end__ - __fast_run_start__)
                0x0000000020002ae8                __fast_run_load_end__ = __fast_run_end__
                0x0000000000000001                . = ASSERT (((__fast_run_start__ == __fast_run_end__) || ((__fast_run_end__ - __RAM1_segment_start__) <= __RAM1_segment_size__)), error: .fast_run is too large to fit in RAM1 memory segment)
                0x0000000000029d58                __data_load_start__ = ALIGN ((__fast_load_start__ + SIZEOF (.fast)), 0x4)

.data           0x0000000020002ae8       0xb5 load address 0x0000000000029d58
                0x0000000020002ae8                __data_start__ = .
 *(.data .data.* .gnu.linkonce.d.*)
 .data.m_detection_delay_timer_id_data
                0x0000000020002ae8       0x20 Output/Release/Obj/ble_app_beacon_pca10100_s140/app_button.o
 .data.m_rtc_inst
                0x0000000020002b08        0x8 Output/Release/Obj/ble_app_beacon_pca10100_s140/app_timer2.o
 .data.SystemCoreClock
                0x0000000020002b10        0x4 Output/Release/Obj/ble_app_beacon_pca10100_s140/system_nrf52833.o
                0x0000000020002b10                SystemCoreClock
 *fill*         0x0000000020002b14        0x4 
 .data.m_bsp_alert_tmr_data
                0x0000000020002b18       0x20 Output/Release/Obj/ble_app_beacon_pca10100_s140/bsp.o
 .data.m_bsp_button_tmr_data
                0x0000000020002b38       0x20 Output/Release/Obj/ble_app_beacon_pca10100_s140/bsp.o
 .data.m_bsp_leds_tmr_data
                0x0000000020002b58       0x20 Output/Release/Obj/ble_app_beacon_pca10100_s140/bsp.o
 .data.buttons.1
                0x0000000020002b78       0x10 Output/Release/Obj/ble_app_beacon_pca10100_s140/main.o
 .data.current_phy
                0x0000000020002b88        0x1 Output/Release/Obj/ble_app_beacon_pca10100_s140/main.o
 .data.current_tx_power
                0x0000000020002b89        0x1 Output/Release/Obj/ble_app_beacon_pca10100_s140/main.o
 *fill*         0x0000000020002b8a        0x2 
 .data.m_adv_data
                0x0000000020002b8c       0x10 Output/Release/Obj/ble_app_beacon_pca10100_s140/main.o
 .data.m_adv_handle
                0x0000000020002b9c        0x1 Output/Release/Obj/ble_app_beacon_pca10100_s140/main.o
                0x0000000020002b9d                __data_end__ = (__data_start__ + SIZEOF (.data))
                0x00000000000000b5                __data_size__ = SIZEOF (.data)
                0x0000000000029e0d                __data_load_end__ = (__data_load_start__ + SIZEOF (.data))

.igot.plt       0x0000000100000000        0x0
 .igot.plt      0x0000000100000000        0x0 Output/Release/Obj/ble_app_beacon_pca10100_s140/thumb_crt0.o
                0x0000000000000001                . = ASSERT (((__data_load_start__ == __data_load_end__) || ((__data_load_end__ - __FLASH1_segment_start__) <= __FLASH1_segment_size__)), error: .data is too large to fit in FLASH1 memory segment)

.data_run       0x0000000020002ae8        0x0
                0x0000000020002ae8                __data_run_start__ = .
                0x0000000020002b9d                __data_run_end__ = (__data_run_start__ + SIZEOF (.data))
                0x00000000000000b5                __data_run_size__ = (__data_run_end__ - __data_run_start__)
                0x0000000020002b9d                __data_run_load_end__ = __data_run_end__
                0x0000000000000001                . = ASSERT (((__data_run_start__ == __data_run_end__) || ((__data_run_end__ - __RAM1_segment_start__) <= __RAM1_segment_size__)), error: .data_run is too large to fit in RAM1 memory segment)
                0x0000000000029e10                __tdata_load_start__ = ALIGN ((__data_load_start__ + SIZEOF (.data)), 0x4)

.tdata          0x0000000020002ba0        0x0 load address 0x0000000000029e10
                0x0000000020002ba0                __tdata_start__ = .
 *(.tdata .tdata.*)
                0x0000000020002ba0                __tdata_end__ = (__tdata_start__ + SIZEOF (.tdata))
                0x0000000000000000                __tdata_size__ = SIZEOF (.tdata)
                0x0000000000029e10                __tdata_load_end__ = (__tdata_load_start__ + SIZEOF (.tdata))
                0x0000000000029e10                __FLASH1_segment_used_end__ = (ALIGN ((__data_load_start__ + SIZEOF (.data)), 0x4) + SIZEOF (.tdata))
                0x0000000000029e10                __FLASH1_segment_used_size__ = (__FLASH1_segment_used_end__ - __FLASH1_segment_start__)
                0x0000000000000001                . = ASSERT (((__tdata_load_start__ == __tdata_load_end__) || ((__tdata_load_end__ - __FLASH1_segment_start__) <= __FLASH1_segment_size__)), error: .tdata is too large to fit in FLASH1 memory segment)

.tdata_run      0x0000000020002ba0        0x0
                0x0000000020002ba0                __tdata_run_start__ = .
                0x0000000020002ba0                __tdata_run_end__ = (__tdata_run_start__ + SIZEOF (.tdata))
                0x0000000000000000                __tdata_run_size__ = (__tdata_run_end__ - __tdata_run_start__)
                0x0000000020002ba0                __tdata_run_load_end__ = __tdata_run_end__
                0x0000000000000001                . = ASSERT (((__tdata_run_start__ == __tdata_run_end__) || ((__tdata_run_end__ - __RAM1_segment_start__) <= __RAM1_segment_size__)), error: .tdata_run is too large to fit in RAM1 memory segment)
                0x0000000020002ba0                __bss_load_start__ = ALIGN (__tdata_run_end__, 0x4)

.bss            0x0000000020002ba0      0x29c
                0x0000000020002ba0                __bss_start__ = .
 *(.bss .bss.* .gnu.linkonce.b.*)
 .bss.m_button_count
                0x0000000020002ba0        0x1 Output/Release/Obj/ble_app_beacon_pca10100_s140/app_button.o
 *fill*         0x0000000020002ba1        0x3 
 .bss.m_detection_delay
                0x0000000020002ba4        0x4 Output/Release/Obj/ble_app_beacon_pca10100_s140/app_button.o
 .bss.m_pin_active
                0x0000000020002ba8        0x8 Output/Release/Obj/ble_app_beacon_pca10100_s140/app_button.o
 .bss.m_pin_states
                0x0000000020002bb0       0x20 Output/Release/Obj/ble_app_beacon_pca10100_s140/app_button.o
 .bss.mp_buttons
                0x0000000020002bd0        0x4 Output/Release/Obj/ble_app_beacon_pca10100_s140/app_button.o
 .bss.m_app_timer_sortlist_sortlist_cb
                0x0000000020002bd4        0x4 Output/Release/Obj/ble_app_beacon_pca10100_s140/app_timer2.o
 .bss.m_base_counter
                0x0000000020002bd8        0x8 Output/Release/Obj/ble_app_beacon_pca10100_s140/app_timer2.o
 .bss.m_global_active
                0x0000000020002be0        0x1 Output/Release/Obj/ble_app_beacon_pca10100_s140/app_timer2.o
 *fill*         0x0000000020002be1        0x3 
 .bss.m_req_fifo_data
                0x0000000020002be4       0x58 Output/Release/Obj/ble_app_beacon_pca10100_s140/app_timer2.o
 .bss.m_req_fifo_inst
                0x0000000020002c3c       0x10 Output/Release/Obj/ble_app_beacon_pca10100_s140/app_timer2.o
 *fill*         0x0000000020002c4c        0x4 
 .bss.m_stamp64
                0x0000000020002c50        0x8 Output/Release/Obj/ble_app_beacon_pca10100_s140/app_timer2.o
 .bss.mp_active_timer
                0x0000000020002c58        0x4 Output/Release/Obj/ble_app_beacon_pca10100_s140/app_timer2.o
 .bss.nrf_nvic_state
                0x0000000020002c5c        0xc Output/Release/Obj/ble_app_beacon_pca10100_s140/app_util_platform.o
                0x0000000020002c5c                nrf_nvic_state
 .bss.m_cb      0x0000000020002c68        0x8 Output/Release/Obj/ble_app_beacon_pca10100_s140/drv_rtc.o
 .bss.m_handlers
                0x0000000020002c70        0x4 Output/Release/Obj/ble_app_beacon_pca10100_s140/drv_rtc.o
 .bss.m_handlers_iter
                0x0000000020002c74        0x8 Output/Release/Obj/ble_app_beacon_pca10100_s140/nrf_pwr_mgmt.o
 .bss.m_shutdown_started
                0x0000000020002c7c        0x1 Output/Release/Obj/ble_app_beacon_pca10100_s140/nrf_pwr_mgmt.o
 *fill*         0x0000000020002c7d        0x3 
 .bss.m_sysoff_mtx
                0x0000000020002c80        0x4 Output/Release/Obj/ble_app_beacon_pca10100_s140/nrf_pwr_mgmt.o
 .bss.m_clock_cb
                0x0000000020002c84       0x14 Output/Release/Obj/ble_app_beacon_pca10100_s140/nrf_drv_clock.o
 .bss.m_clock_cb
                0x0000000020002c98        0x8 Output/Release/Obj/ble_app_beacon_pca10100_s140/nrfx_clock.o
 .bss.m_cb      0x0000000020002ca0       0x68 Output/Release/Obj/ble_app_beacon_pca10100_s140/nrfx_gpiote.o
 .bss.m_prs_box_4
                0x0000000020002d08        0x8 Output/Release/Obj/ble_app_beacon_pca10100_s140/nrfx_prs.o
 .bss.current_long_push_pin_no.1
                0x0000000020002d10        0x1 Output/Release/Obj/ble_app_beacon_pca10100_s140/bsp.o
 .bss.m_alert_on
                0x0000000020002d11        0x1 Output/Release/Obj/ble_app_beacon_pca10100_s140/bsp.o
 .bss.m_events_list
                0x0000000020002d12        0xc Output/Release/Obj/ble_app_beacon_pca10100_s140/bsp.o
 *fill*         0x0000000020002d1e        0x2 
 .bss.m_indication_type
                0x0000000020002d20        0x4 Output/Release/Obj/ble_app_beacon_pca10100_s140/bsp.o
 .bss.m_leds_clear
                0x0000000020002d24        0x1 Output/Release/Obj/ble_app_beacon_pca10100_s140/bsp.o
 *fill*         0x0000000020002d25        0x3 
 .bss.m_registered_callback
                0x0000000020002d28        0x4 Output/Release/Obj/ble_app_beacon_pca10100_s140/bsp.o
 .bss.m_stable_state
                0x0000000020002d2c        0x1 Output/Release/Obj/ble_app_beacon_pca10100_s140/bsp.o
 .bss.release_event_at_push.0
                0x0000000020002d2d        0x4 Output/Release/Obj/ble_app_beacon_pca10100_s140/bsp.o
 *fill*         0x0000000020002d31        0x3 
 .bss.m_error_handler
                0x0000000020002d34        0x4 Output/Release/Obj/ble_app_beacon_pca10100_s140/bsp_btn_ble.o
 .bss.m_num_connections
                0x0000000020002d38        0x4 Output/Release/Obj/ble_app_beacon_pca10100_s140/bsp_btn_ble.o
 .bss.m_adv_params
                0x0000000020002d3c       0x18 Output/Release/Obj/ble_app_beacon_pca10100_s140/main.o
 .bss.m_beacon_info
                0x0000000020002d54       0x10 Output/Release/Obj/ble_app_beacon_pca10100_s140/main.o
 .bss.m_enc_advdata
                0x0000000020002d64       0x1f Output/Release/Obj/ble_app_beacon_pca10100_s140/main.o
 *fill*         0x0000000020002d83        0x1 
 .bss.m_conn_params_config
                0x0000000020002d84       0x1c Output/Release/Obj/ble_app_beacon_pca10100_s140/ble_conn_params.o
 .bss.m_conn_params_instances
                0x0000000020002da0       0x14 Output/Release/Obj/ble_app_beacon_pca10100_s140/ble_conn_params.o
 .bss.m_preferred_conn_params
                0x0000000020002db4        0x8 Output/Release/Obj/ble_app_beacon_pca10100_s140/ble_conn_params.o
 .bss.m_bcs     0x0000000020002dbc       0x7c Output/Release/Obj/ble_app_beacon_pca10100_s140/ble_conn_state.o
 .bss.m_nrf_sdh_continue
                0x0000000020002e38        0x1 Output/Release/Obj/ble_app_beacon_pca10100_s140/nrf_sdh.o
 .bss.m_nrf_sdh_enabled
                0x0000000020002e39        0x1 Output/Release/Obj/ble_app_beacon_pca10100_s140/nrf_sdh.o
 .bss.m_nrf_sdh_suspended
                0x0000000020002e3a        0x1 Output/Release/Obj/ble_app_beacon_pca10100_s140/nrf_sdh.o
 .bss.m_stack_is_enabled
                0x0000000020002e3b        0x1 Output/Release/Obj/ble_app_beacon_pca10100_s140/nrf_sdh_ble.o
 *(COMMON)
                0x0000000020002e3c                __bss_end__ = (__bss_start__ + SIZEOF (.bss))
                0x000000000000029c                __bss_size__ = SIZEOF (.bss)
                0x0000000020002e3c                __bss_load_end__ = __bss_end__
                0x0000000000000001                . = ASSERT (((__bss_start__ == __bss_end__) || ((__bss_end__ - __RAM1_segment_start__) <= __RAM1_segment_size__)), error: .bss is too large to fit in RAM1 memory segment)
                0x0000000020002e3c                __tbss_load_start__ = ALIGN (__bss_end__, 0x4)

.tbss           0x0000000020002e3c        0x0
                0x0000000020002e3c                __tbss_start__ = .
 *(.tbss .tbss.*)
                0x0000000020002e3c                __tbss_end__ = (__tbss_start__ + SIZEOF (.tbss))
                0x0000000000000000                __tbss_size__ = SIZEOF (.tbss)
                0x0000000020002e3c                __tbss_load_end__ = __tbss_end__
                0x0000000000000001                . = ASSERT (((__tbss_start__ == __tbss_end__) || ((__tbss_end__ - __RAM1_segment_start__) <= __RAM1_segment_size__)), error: .tbss is too large to fit in RAM1 memory segment)
                0x0000000020002e3c                __non_init_load_start__ = ALIGN (__tbss_end__, 0x4)

.non_init       0x0000000020002e3c        0x0
                0x0000000020002e3c                __non_init_start__ = .
 *(.non_init .non_init.*)
                0x0000000020002e3c                __non_init_end__ = (__non_init_start__ + SIZEOF (.non_init))
                0x0000000000000000                __non_init_size__ = SIZEOF (.non_init)
                0x0000000020002e3c                __non_init_load_end__ = __non_init_end__
                0x0000000000000001                . = ASSERT (((__non_init_start__ == __non_init_end__) || ((__non_init_end__ - __RAM1_segment_start__) <= __RAM1_segment_size__)), error: .non_init is too large to fit in RAM1 memory segment)
                0x0000000020002e3c                __heap_load_start__ = ALIGN (__non_init_end__, 0x4)

.heap           0x0000000020002e3c      0x800
                0x0000000020002e3c                __heap_start__ = .
 *(.heap .heap.*)
                0x000000002000363c                . = ALIGN (MAX ((__heap_start__ + __HEAPSIZE__), .), 0x4)
 *fill*         0x0000000020002e3c      0x800 
                0x000000002000363c                __heap_end__ = (__heap_start__ + SIZEOF (.heap))
                0x0000000000000800                __heap_size__ = SIZEOF (.heap)
                0x000000002000363c                __heap_load_end__ = __heap_end__
                0x0000000000000001                . = ASSERT (((__heap_start__ == __heap_end__) || ((__heap_end__ - __RAM1_segment_start__) <= __RAM1_segment_size__)), error: .heap is too large to fit in RAM1 memory segment)
                0x000000002001f800                __stack_load_start__ = (__RAM1_segment_start__ + (__RAM1_segment_size__ - 0x800))

.stack          0x000000002001f800      0x800
                0x000000002001f800                __stack_start__ = .
                0x000000002001f800                __StackLimit = __stack_start__
 *(.stack .stack.*)
                0x0000000020020000                . = ALIGN (MAX ((__stack_start__ + __STACKSIZE__), .), 0x8)
 *fill*         0x000000002001f800      0x800 
                0x0000000020020000                __stack_end__ = (__stack_start__ + SIZEOF (.stack))
                0x0000000000000800                __stack_size__ = SIZEOF (.stack)
                0x0000000020020000                __StackTop = __stack_end__
                0x0000000020020000                __stack_load_end__ = __stack_end__
                0x0000000000000001                . = ASSERT (((__stack_start__ == __stack_end__) || ((__stack_end__ - __RAM1_segment_start__) <= __RAM1_segment_size__)), error: .stack is too large to fit in RAM1 memory segment)
                0x0000000000000001                . = ASSERT ((__heap_end__ <= __stack_start__), error: section .heap overlaps absolute placed section .stack)
                0x0000000020020000                __stack_process_load_start__ = ALIGN (__stack_end__, 0x8)

.stack_process  0x0000000020020000        0x0
                0x0000000020020000                __stack_process_start__ = .
 *(.stack_process .stack_process.*)
                0x0000000020020000                . = ALIGN (MAX ((__stack_process_start__ + __STACKSIZE_PROCESS__), .), 0x8)
                0x0000000020020000                __stack_process_end__ = (__stack_process_start__ + SIZEOF (.stack_process))
                0x0000000000000000                __stack_process_size__ = SIZEOF (.stack_process)
                0x0000000020020000                __stack_process_load_end__ = __stack_process_end__
                0x0000000020020000                __RAM1_segment_used_end__ = (ALIGN (__stack_end__, 0x8) + SIZEOF (.stack_process))
                0x0000000000020000                __RAM1_segment_used_size__ = (__RAM1_segment_used_end__ - __RAM1_segment_start__)
                0x0000000000000001                . = ASSERT (((__stack_process_start__ == __stack_process_end__) || ((__stack_process_end__ - __RAM1_segment_start__) <= __RAM1_segment_size__)), error: .stack_process is too large to fit in RAM1 memory segment)
START GROUP
LOAD Output/Release/Obj/ble_app_beacon_pca10100_s140/thumb_crt0.o
LOAD Output/Release/Obj/ble_app_beacon_pca10100_s140/nrf_log_backend_rtt.o
LOAD Output/Release/Obj/ble_app_beacon_pca10100_s140/nrf_log_backend_serial.o
LOAD Output/Release/Obj/ble_app_beacon_pca10100_s140/nrf_log_backend_uart.o
LOAD Output/Release/Obj/ble_app_beacon_pca10100_s140/nrf_log_default_backends.o
LOAD Output/Release/Obj/ble_app_beacon_pca10100_s140/nrf_log_frontend.o
LOAD Output/Release/Obj/ble_app_beacon_pca10100_s140/nrf_log_str_formatter.o
LOAD Output/Release/Obj/ble_app_beacon_pca10100_s140/app_button.o
LOAD Output/Release/Obj/ble_app_beacon_pca10100_s140/app_error.o
LOAD Output/Release/Obj/ble_app_beacon_pca10100_s140/app_error_handler_gcc.o
LOAD Output/Release/Obj/ble_app_beacon_pca10100_s140/app_error_weak.o
LOAD Output/Release/Obj/ble_app_beacon_pca10100_s140/app_fifo.o
LOAD Output/Release/Obj/ble_app_beacon_pca10100_s140/app_scheduler.o
LOAD Output/Release/Obj/ble_app_beacon_pca10100_s140/app_timer2.o
LOAD Output/Release/Obj/ble_app_beacon_pca10100_s140/app_uart_fifo.o
LOAD Output/Release/Obj/ble_app_beacon_pca10100_s140/app_util_platform.o
LOAD Output/Release/Obj/ble_app_beacon_pca10100_s140/drv_rtc.o
LOAD Output/Release/Obj/ble_app_beacon_pca10100_s140/hardfault_implementation.o
LOAD Output/Release/Obj/ble_app_beacon_pca10100_s140/nrf_assert.o
LOAD Output/Release/Obj/ble_app_beacon_pca10100_s140/nrf_atfifo.o
LOAD Output/Release/Obj/ble_app_beacon_pca10100_s140/nrf_atflags.o
LOAD Output/Release/Obj/ble_app_beacon_pca10100_s140/nrf_atomic.o
LOAD Output/Release/Obj/ble_app_beacon_pca10100_s140/nrf_balloc.o
LOAD Output/Release/Obj/ble_app_beacon_pca10100_s140/nrf_fprintf.o
LOAD Output/Release/Obj/ble_app_beacon_pca10100_s140/nrf_fprintf_format.o
LOAD Output/Release/Obj/ble_app_beacon_pca10100_s140/nrf_memobj.o
LOAD Output/Release/Obj/ble_app_beacon_pca10100_s140/nrf_pwr_mgmt.o
LOAD Output/Release/Obj/ble_app_beacon_pca10100_s140/nrf_ringbuf.o
LOAD Output/Release/Obj/ble_app_beacon_pca10100_s140/nrf_section_iter.o
LOAD Output/Release/Obj/ble_app_beacon_pca10100_s140/nrf_sortlist.o
LOAD Output/Release/Obj/ble_app_beacon_pca10100_s140/nrf_strerror.o
LOAD Output/Release/Obj/ble_app_beacon_pca10100_s140/retarget.o
LOAD Output/Release/Obj/ble_app_beacon_pca10100_s140/ses_startup_nrf52833.o
LOAD Output/Release/Obj/ble_app_beacon_pca10100_s140/ses_startup_nrf_common.o
LOAD Output/Release/Obj/ble_app_beacon_pca10100_s140/system_nrf52833.o
LOAD Output/Release/Obj/ble_app_beacon_pca10100_s140/boards.o
LOAD Output/Release/Obj/ble_app_beacon_pca10100_s140/nrf_drv_clock.o
LOAD Output/Release/Obj/ble_app_beacon_pca10100_s140/nrf_drv_uart.o
LOAD Output/Release/Obj/ble_app_beacon_pca10100_s140/nrfx_atomic.o
LOAD Output/Release/Obj/ble_app_beacon_pca10100_s140/nrfx_clock.o
LOAD Output/Release/Obj/ble_app_beacon_pca10100_s140/nrfx_gpiote.o
LOAD Output/Release/Obj/ble_app_beacon_pca10100_s140/nrfx_prs.o
LOAD Output/Release/Obj/ble_app_beacon_pca10100_s140/nrfx_uart.o
LOAD Output/Release/Obj/ble_app_beacon_pca10100_s140/nrfx_uarte.o
LOAD Output/Release/Obj/ble_app_beacon_pca10100_s140/bsp.o
LOAD Output/Release/Obj/ble_app_beacon_pca10100_s140/bsp_btn_ble.o
LOAD Output/Release/Obj/ble_app_beacon_pca10100_s140/main.o
LOAD Output/Release/Obj/ble_app_beacon_pca10100_s140/SEGGER_RTT.o
LOAD Output/Release/Obj/ble_app_beacon_pca10100_s140/SEGGER_RTT_Syscalls_SES.o
LOAD Output/Release/Obj/ble_app_beacon_pca10100_s140/SEGGER_RTT_printf.o
LOAD Output/Release/Obj/ble_app_beacon_pca10100_s140/ble_advdata.o
LOAD Output/Release/Obj/ble_app_beacon_pca10100_s140/ble_advertising.o
LOAD Output/Release/Obj/ble_app_beacon_pca10100_s140/ble_conn_params.o
LOAD Output/Release/Obj/ble_app_beacon_pca10100_s140/ble_conn_state.o
LOAD Output/Release/Obj/ble_app_beacon_pca10100_s140/ble_link_ctx_manager.o
LOAD Output/Release/Obj/ble_app_beacon_pca10100_s140/ble_srv_common.o
LOAD Output/Release/Obj/ble_app_beacon_pca10100_s140/nrf_ble_gatt.o
LOAD Output/Release/Obj/ble_app_beacon_pca10100_s140/nrf_ble_qwr.o
LOAD Output/Release/Obj/ble_app_beacon_pca10100_s140/utf.o
LOAD Output/Release/Obj/ble_app_beacon_pca10100_s140/ble_nus.o
LOAD Output/Release/Obj/ble_app_beacon_pca10100_s140/nrf_sdh.o
LOAD Output/Release/Obj/ble_app_beacon_pca10100_s140/nrf_sdh_ble.o
LOAD Output/Release/Obj/ble_app_beacon_pca10100_s140/nrf_sdh_soc.o
LOAD C:/Program Files/SEGGER/SEGGER Embedded Studio for ARM 5.42a/lib/libm_v7em_fpv4_sp_d16_hard_t_le_eabi.a
LOAD C:/Program Files/SEGGER/SEGGER Embedded Studio for ARM 5.42a/lib/libc_v7em_fpv4_sp_d16_hard_t_le_eabi.a
LOAD C:/Program Files/SEGGER/SEGGER Embedded Studio for ARM 5.42a/lib/libdebugio_v7em_fpv4_sp_d16_hard_t_le_eabi.a
END GROUP
OUTPUT(Output/Release/Exe/ble_app_beacon_pca10100_s140.elf elf32-littlearm)
LOAD linker stubs

.ARM.attributes
                0x0000000000000000       0x30
 .ARM.attributes
                0x0000000000000000       0x20 Output/Release/Obj/ble_app_beacon_pca10100_s140/thumb_crt0.o
 .ARM.attributes
                0x0000000000000020       0x39 Output/Release/Obj/ble_app_beacon_pca10100_s140/app_button.o
 .ARM.attributes
                0x0000000000000059       0x39 Output/Release/Obj/ble_app_beacon_pca10100_s140/app_error.o
 .ARM.attributes
                0x0000000000000092       0x39 Output/Release/Obj/ble_app_beacon_pca10100_s140/app_error_weak.o
 .ARM.attributes
                0x00000000000000cb       0x39 Output/Release/Obj/ble_app_beacon_pca10100_s140/app_timer2.o
 .ARM.attributes
                0x0000000000000104       0x39 Output/Release/Obj/ble_app_beacon_pca10100_s140/app_util_platform.o
 .ARM.attributes
                0x000000000000013d       0x39 Output/Release/Obj/ble_app_beacon_pca10100_s140/drv_rtc.o
 .ARM.attributes
                0x0000000000000176       0x39 Output/Release/Obj/ble_app_beacon_pca10100_s140/nrf_atfifo.o
 .ARM.attributes
                0x00000000000001af       0x39 Output/Release/Obj/ble_app_beacon_pca10100_s140/nrf_atflags.o
 .ARM.attributes
                0x00000000000001e8       0x39 Output/Release/Obj/ble_app_beacon_pca10100_s140/nrf_atomic.o
 .ARM.attributes
                0x0000000000000221       0x39 Output/Release/Obj/ble_app_beacon_pca10100_s140/nrf_pwr_mgmt.o
 .ARM.attributes
                0x000000000000025a       0x39 Output/Release/Obj/ble_app_beacon_pca10100_s140/nrf_section_iter.o
 .ARM.attributes
                0x0000000000000293       0x39 Output/Release/Obj/ble_app_beacon_pca10100_s140/nrf_sortlist.o
 .ARM.attributes
                0x00000000000002cc       0x20 Output/Release/Obj/ble_app_beacon_pca10100_s140/ses_startup_nrf52833.o
 .ARM.attributes
                0x00000000000002ec       0x20 Output/Release/Obj/ble_app_beacon_pca10100_s140/ses_startup_nrf_common.o
 .ARM.attributes
                0x000000000000030c       0x39 Output/Release/Obj/ble_app_beacon_pca10100_s140/system_nrf52833.o
 .ARM.attributes
                0x0000000000000345       0x39 Output/Release/Obj/ble_app_beacon_pca10100_s140/boards.o
 .ARM.attributes
                0x000000000000037e       0x39 Output/Release/Obj/ble_app_beacon_pca10100_s140/nrf_drv_clock.o
 .ARM.attributes
                0x00000000000003b7       0x39 Output/Release/Obj/ble_app_beacon_pca10100_s140/nrfx_clock.o
 .ARM.attributes
                0x00000000000003f0       0x39 Output/Release/Obj/ble_app_beacon_pca10100_s140/nrfx_gpiote.o
 .ARM.attributes
                0x0000000000000429       0x39 Output/Release/Obj/ble_app_beacon_pca10100_s140/nrfx_prs.o
 .ARM.attributes
                0x0000000000000462       0x39 Output/Release/Obj/ble_app_beacon_pca10100_s140/bsp.o
 .ARM.attributes
                0x000000000000049b       0x39 Output/Release/Obj/ble_app_beacon_pca10100_s140/bsp_btn_ble.o
 .ARM.attributes
                0x00000000000004d4       0x39 Output/Release/Obj/ble_app_beacon_pca10100_s140/main.o
 .ARM.attributes